Component: ARM Compiler 5.06 update 6 (build 750) Tool: armlink [4d35ed]

==============================================================================

Section Cross References

    startup_stm32l010x8.o(RESET) refers to startup_stm32l010x8.o(STACK) for __initial_sp
    startup_stm32l010x8.o(RESET) refers to startup_stm32l010x8.o(.text) for Reset_Handler
    startup_stm32l010x8.o(RESET) refers to stm32l0xx_it.o(i.NMI_Handler) for NMI_Handler
    startup_stm32l010x8.o(RESET) refers to stm32l0xx_it.o(i.HardFault_Handler) for HardFault_Handler
    startup_stm32l010x8.o(RESET) refers to stm32l0xx_it.o(i.SVC_Handler) for SVC_Handler
    startup_stm32l010x8.o(RESET) refers to stm32l0xx_it.o(i.PendSV_Handler) for PendSV_Handler
    startup_stm32l010x8.o(RESET) refers to stm32l0xx_it.o(i.SysTick_Handler) for SysTick_Handler
    startup_stm32l010x8.o(RESET) refers to stm32l0xx_it.o(i.RTC_IRQHandler) for RTC_IRQHandler
    startup_stm32l010x8.o(RESET) refers to stm32l0xx_it.o(i.EXTI2_3_IRQHandler) for EXTI2_3_IRQHandler
    startup_stm32l010x8.o(RESET) refers to stm32l0xx_it.o(i.USART2_IRQHandler) for USART2_IRQHandler
    startup_stm32l010x8.o(.text) refers to startup_stm32l010x8.o(STACK) for __initial_sp
    startup_stm32l010x8.o(.text) refers to system_stm32l0xx.o(i.SystemInit) for SystemInit
    startup_stm32l010x8.o(.text) refers to entry.o(.ARM.Collect$$$$00000000) for __main
    main.o(i.Delay_100) refers to main.o(.data) for .data
    main.o(i.Delay_1000) refers to main.o(.data) for .data
    main.o(i.Get_ADC_Input) refers to stm32l0xx_hal_adc.o(i.HAL_ADC_ConfigChannel) for HAL_ADC_ConfigChannel
    main.o(i.Get_ADC_Input) refers to stm32l0xx_hal_adc.o(i.HAL_ADC_Start) for HAL_ADC_Start
    main.o(i.Get_ADC_Input) refers to stm32l0xx_hal_adc.o(i.HAL_ADC_PollForConversion) for HAL_ADC_PollForConversion
    main.o(i.Get_ADC_Input) refers to stm32l0xx_hal_adc.o(i.HAL_ADC_GetState) for HAL_ADC_GetState
    main.o(i.Get_ADC_Input) refers to stm32l0xx_hal_adc.o(i.HAL_ADC_GetValue) for HAL_ADC_GetValue
    main.o(i.Get_ADC_Input) refers to stm32l0xx_hal_adc.o(i.HAL_ADC_Stop) for HAL_ADC_Stop
    main.o(i.Get_ADC_Input) refers to main.o(.bss) for .bss
    main.o(i.Get_VoltageValue) refers to main.o(i.Get_ADC_Input) for Get_ADC_Input
    main.o(i.Get_VoltageValue) refers to uidiv.o(.text) for __aeabi_uidivmod
    main.o(i.Get_VoltageValue) refers to dfltui.o(.text) for __aeabi_ui2d
    main.o(i.Get_VoltageValue) refers to dfixi.o(.text) for __aeabi_d2iz
    main.o(i.Get_VoltageValue) refers to main.o(.data) for .data
    main.o(i.HAL_GPIO_EXTI_Callback) refers to stm32l0xx_hal_gpio.o(i.HAL_GPIO_WritePin) for HAL_GPIO_WritePin
    main.o(i.HAL_GPIO_EXTI_Callback) refers to main.o(i.write_NFC) for write_NFC
    main.o(i.HAL_GPIO_EXTI_Callback) refers to main.o(.data) for .data
    main.o(i.HAL_RTCEx_WakeUpTimerEventCallback) refers to stm32l0xx_hal_gpio.o(i.HAL_GPIO_WritePin) for HAL_GPIO_WritePin
    main.o(i.HAL_RTCEx_WakeUpTimerEventCallback) refers to main.o(i.get_psin) for get_psin
    main.o(i.HAL_RTCEx_WakeUpTimerEventCallback) refers to stm32l0xx_hal_gpio.o(i.HAL_GPIO_TogglePin) for HAL_GPIO_TogglePin
    main.o(i.HAL_RTCEx_WakeUpTimerEventCallback) refers to main.o(i.get_vbat) for get_vbat
    main.o(i.HAL_RTCEx_WakeUpTimerEventCallback) refers to main.o(i.read_AMS5915) for read_AMS5915
    main.o(i.HAL_RTCEx_WakeUpTimerEventCallback) refers to main.o(i.write_NFC) for write_NFC
    main.o(i.HAL_RTCEx_WakeUpTimerEventCallback) refers to main.o(i.start_msg_seq) for start_msg_seq
    main.o(i.HAL_RTCEx_WakeUpTimerEventCallback) refers to stm32l0xx_hal_gpio.o(i.HAL_GPIO_ReadPin) for HAL_GPIO_ReadPin
    main.o(i.HAL_RTCEx_WakeUpTimerEventCallback) refers to stm32l0xx_hal_cortex.o(i.HAL_NVIC_DisableIRQ) for HAL_NVIC_DisableIRQ
    main.o(i.HAL_RTCEx_WakeUpTimerEventCallback) refers to main.o(i.i2c_nfc_read) for i2c_nfc_read
    main.o(i.HAL_RTCEx_WakeUpTimerEventCallback) refers to stm32l0xx_hal_cortex.o(i.HAL_NVIC_EnableIRQ) for HAL_NVIC_EnableIRQ
    main.o(i.HAL_RTCEx_WakeUpTimerEventCallback) refers to main.o(i.read_NFC) for read_NFC
    main.o(i.HAL_RTCEx_WakeUpTimerEventCallback) refers to main.o(i.pin_init) for pin_init
    main.o(i.HAL_RTCEx_WakeUpTimerEventCallback) refers to main.o(.data) for .data
    main.o(i.HAL_RTCEx_WakeUpTimerEventCallback) refers to main.o(.bss) for .bss
    main.o(i.HAL_RTCEx_WakeUpTimerEventCallback) refers to main.o(i.pin_deinit) for pin_deinit
    main.o(i.HAL_UART_RxCpltCallback) refers to stm32l0xx_hal_uart.o(i.HAL_UART_Receive_IT) for HAL_UART_Receive_IT
    main.o(i.HAL_UART_RxCpltCallback) refers to main.o(.data) for .data
    main.o(i.HAL_UART_RxCpltCallback) refers to main.o(.bss) for .bss
    main.o(i.MX_ADC_Init) refers to stm32l0xx_hal_adc.o(i.HAL_ADC_Init) for HAL_ADC_Init
    main.o(i.MX_ADC_Init) refers to stm32l0xx_hal_adc.o(i.HAL_ADC_ConfigChannel) for HAL_ADC_ConfigChannel
[...]
    Removing stm32l0xx_hal_rtc_ex.o(i.HAL_RTCEx_EnableBypassShadow), (60 bytes).
    Removing stm32l0xx_hal_rtc_ex.o(i.HAL_RTCEx_GetTimeStamp), (160 bytes).
    Removing stm32l0xx_hal_rtc_ex.o(i.HAL_RTCEx_GetWakeUpTimer), (8 bytes).
    Removing stm32l0xx_hal_rtc_ex.o(i.HAL_RTCEx_PollForAlarmBEvent), (76 bytes).
    Removing stm32l0xx_hal_rtc_ex.o(i.HAL_RTCEx_PollForTamper1Event), (76 bytes).
    Removing stm32l0xx_hal_rtc_ex.o(i.HAL_RTCEx_PollForTamper2Event), (76 bytes).
    Removing stm32l0xx_hal_rtc_ex.o(i.HAL_RTCEx_PollForTimeStampEvent), (88 bytes).
    Removing stm32l0xx_hal_rtc_ex.o(i.HAL_RTCEx_PollForWakeUpTimerEvent), (76 bytes).
    Removing stm32l0xx_hal_rtc_ex.o(i.HAL_RTCEx_SetCalibrationOutPut), (78 bytes).
    Removing stm32l0xx_hal_rtc_ex.o(i.HAL_RTCEx_SetRefClock), (98 bytes).
    Removing stm32l0xx_hal_rtc_ex.o(i.HAL_RTCEx_SetSmoothCalib), (126 bytes).
    Removing stm32l0xx_hal_rtc_ex.o(i.HAL_RTCEx_SetSynchroShift), (152 bytes).
    Removing stm32l0xx_hal_rtc_ex.o(i.HAL_RTCEx_SetTamper), (180 bytes).
    Removing stm32l0xx_hal_rtc_ex.o(i.HAL_RTCEx_SetTamper_IT), (208 bytes).
    Removing stm32l0xx_hal_rtc_ex.o(i.HAL_RTCEx_SetTimeStamp), (108 bytes).
    Removing stm32l0xx_hal_rtc_ex.o(i.HAL_RTCEx_SetTimeStamp_IT), (140 bytes).
    Removing stm32l0xx_hal_rtc_ex.o(i.HAL_RTCEx_SetWakeUpTimer), (196 bytes).
    Removing stm32l0xx_hal_rtc_ex.o(i.HAL_RTCEx_Tamper1EventCallback), (2 bytes).
    Removing stm32l0xx_hal_rtc_ex.o(i.HAL_RTCEx_Tamper2EventCallback), (2 bytes).
    Removing stm32l0xx_hal_rtc_ex.o(i.HAL_RTCEx_TamperTimeStampIRQHandler), (148 bytes).
    Removing stm32l0xx_hal_rtc_ex.o(i.HAL_RTCEx_TimeStampEventCallback), (2 bytes).
    Removing stm32l0xx_hal_rtc_ex.o(i.HAL_RTCEx_WakeUpTimerEventCallback), (2 bytes).
    Removing stm32l0xx_hal_tim.o(.rev16_text), (4 bytes).
    Removing stm32l0xx_hal_tim.o(.revsh_text), (4 bytes).
    Removing stm32l0xx_hal_tim_ex.o(.rev16_text), (4 bytes).
    Removing stm32l0xx_hal_tim_ex.o(.revsh_text), (4 bytes).
    Removing stm32l0xx_hal_uart.o(.rev16_text), (4 bytes).
    Removing stm32l0xx_hal_uart.o(.revsh_text), (4 bytes).
    Removing stm32l0xx_hal_uart.o(i.HAL_HalfDuplex_EnableReceiver), (54 bytes).
    Removing stm32l0xx_hal_uart.o(i.HAL_HalfDuplex_EnableTransmitter), (54 bytes).
    Removing stm32l0xx_hal_uart.o(i.HAL_HalfDuplex_Init), (116 bytes).
    Removing stm32l0xx_hal_uart.o(i.HAL_LIN_Init), (146 bytes).
    Removing stm32l0xx_hal_uart.o(i.HAL_LIN_SendBreak), (44 bytes).
    Removing stm32l0xx_hal_uart.o(i.HAL_MultiProcessor_DisableMuteMode), (46 bytes).
    Removing stm32l0xx_hal_uart.o(i.HAL_MultiProcessor_EnableMuteMode), (46 bytes).
    Removing stm32l0xx_hal_uart.o(i.HAL_MultiProcessor_EnterMuteMode), (12 bytes).
    Removing stm32l0xx_hal_uart.o(i.HAL_MultiProcessor_Init), (142 bytes).
    Removing stm32l0xx_hal_uart.o(i.HAL_UART_Abort), (182 bytes).
    Removing stm32l0xx_hal_uart.o(i.HAL_UART_AbortCpltCallback), (2 bytes).
    Removing stm32l0xx_hal_uart.o(i.HAL_UART_AbortReceive), (128 bytes).
    Removing stm32l0xx_hal_uart.o(i.HAL_UART_AbortReceiveCpltCallback), (2 bytes).
    Removing stm32l0xx_hal_uart.o(i.HAL_UART_AbortReceive_IT), (144 bytes).
    Removing stm32l0xx_hal_uart.o(i.HAL_UART_AbortTransmit), (84 bytes).
    Removing stm32l0xx_hal_uart.o(i.HAL_UART_AbortTransmitCpltCallback), (2 bytes).
    Removing stm32l0xx_hal_uart.o(i.HAL_UART_AbortTransmit_IT), (88 bytes).
    Removing stm32l0xx_hal_uart.o(i.HAL_UART_Abort_IT), (224 bytes).
    Removing stm32l0xx_hal_uart.o(i.HAL_UART_DMAPause), (94 bytes).
    Removing stm32l0xx_hal_uart.o(i.HAL_UART_DMAResume), (86 bytes).
    Removing stm32l0xx_hal_uart.o(i.HAL_UART_DMAStop), (126 bytes).
    Removing stm32l0xx_hal_uart.o(i.HAL_UART_DisableReceiverTimeout), (68 bytes).
    Removing stm32l0xx_hal_uart.o(i.HAL_UART_EnableReceiverTimeout), (68 bytes).
    Removing stm32l0xx_hal_uart.o(i.HAL_UART_GetError), (6 bytes).
    Removing stm32l0xx_hal_uart.o(i.HAL_UART_GetState), (10 bytes).
    Removing stm32l0xx_hal_uart.o(i.HAL_UART_MspDeInit), (2 bytes).
    Removing stm32l0xx_hal_uart.o(i.HAL_UART_MspInit), (2 bytes).
    Removing stm32l0xx_hal_uart.o(i.HAL_UART_Receive), (272 bytes).
    Removing stm32l0xx_hal_uart.o(i.HAL_UART_Receive_DMA), (96 bytes).
    Removing stm32l0xx_hal_uart.o(i.HAL_UART_ReceiverTimeout_Config), (24 bytes).
    Removing stm32l0xx_hal_uart.o(i.HAL_UART_RxCpltCallback), (2 bytes).
    Removing stm32l0xx_hal_uart.o(i.HAL_UART_RxHalfCpltCallback), (2 bytes).
    Removing stm32l0xx_hal_uart.o(i.HAL_UART_Transmit), (210 bytes).
    Removing stm32l0xx_hal_uart.o(i.HAL_UART_Transmit_DMA), (176 bytes).
    Removing stm32l0xx_hal_uart.o(i.HAL_UART_TxHalfCpltCallback), (2 bytes).
    Removing stm32l0xx_hal_uart.o(i.UART_DMAError), (76 bytes).
    Removing stm32l0xx_hal_uart.o(i.UART_DMAReceiveCplt), (94 bytes).
    Removing stm32l0xx_hal_uart.o(i.UART_DMARxAbortCallback), (64 bytes).
    Removing stm32l0xx_hal_uart.o(i.UART_DMARxHalfCplt), (28 bytes).
    Removing stm32l0xx_hal_uart.o(i.UART_DMARxOnlyAbortCallback), (38 bytes).
    Removing stm32l0xx_hal_uart.o(i.UART_DMATransmitCplt), (48 bytes).
    Removing stm32l0xx_hal_uart.o(i.UART_DMATxAbortCallback), (54 bytes).
    Removing stm32l0xx_hal_uart.o(i.UART_DMATxHalfCplt), (10 bytes).
    Removing stm32l0xx_hal_uart.o(i.UART_DMATxOnlyAbortCallback), (20 bytes).
    Removing stm32l0xx_hal_uart.o(i.UART_EndTxTransfer), (16 bytes).
    Removing stm32l0xx_hal_uart.o(i.UART_Start_Receive_DMA), (140 bytes).
    Removing stm32l0xx_hal_uart_ex.o(.rev16_text), (4 bytes).
    Removing stm32l0xx_hal_uart_ex.o(.revsh_text), (4 bytes).
    Removing stm32l0xx_hal_uart_ex.o(i.HAL_MultiProcessorEx_AddressLength_Set), (52 bytes).
    Removing stm32l0xx_hal_uart_ex.o(i.HAL_RS485Ex_Init), (136 bytes).
    Removing stm32l0xx_hal_uart_ex.o(i.HAL_UARTEx_DisableClockStopMode), (36 bytes).
    Removing stm32l0xx_hal_uart_ex.o(i.HAL_UARTEx_DisableStopMode), (34 bytes).
    Removing stm32l0xx_hal_uart_ex.o(i.HAL_UARTEx_EnableClockStopMode), (36 bytes).
    Removing stm32l0xx_hal_uart_ex.o(i.HAL_UARTEx_EnableStopMode), (34 bytes).
    Removing stm32l0xx_hal_uart_ex.o(i.HAL_UARTEx_ReceiveToIdle), (340 bytes).
    Removing stm32l0xx_hal_uart_ex.o(i.HAL_UARTEx_ReceiveToIdle_DMA), (94 bytes).
    Removing stm32l0xx_hal_uart_ex.o(i.HAL_UARTEx_ReceiveToIdle_IT), (94 bytes).
    Removing stm32l0xx_hal_uart_ex.o(i.HAL_UARTEx_StopModeWakeUpSourceConfig), (152 bytes).
    Removing system_stm32l0xx.o(.rev16_text), (4 bytes).
    Removing system_stm32l0xx.o(.revsh_text), (4 bytes).
    Removing system_stm32l0xx.o(i.SystemCoreClockUpdate), (156 bytes).

413 unused section(s) (total 29405 bytes) removed from the image.

==============================================================================

Image Symbol Table

    Local Symbols

    Symbol Name                              Value     Ov Type        Size  Object(Section)

    ../Core/Src/main.c                       0x00000000   Number         0  main.o ABSOLUTE
    ../Core/Src/stm32l0xx_hal_msp.c          0x00000000   Number         0  stm32l0xx_hal_msp.o ABSOLUTE
    ../Core/Src/stm32l0xx_it.c               0x00000000   Number         0  stm32l0xx_it.o ABSOLUTE
    ../Core/Src/system_stm32l0xx.c           0x00000000   Number         0  system_stm32l0xx.o ABSOLUTE
    ../Drivers/STM32L0xx_HAL_Driver/Src/stm32l0xx_hal.c 0x00000000   Number         0  stm32l0xx_hal.o ABSOLUTE
    ../Drivers/STM32L0xx_HAL_Driver/Src/stm32l0xx_hal_adc.c 0x00000000   Number         0  stm32l0xx_hal_adc.o ABSOLUTE
    ../Drivers/STM32L0xx_HAL_Driver/Src/stm32l0xx_hal_adc_ex.c 0x00000000   Number         0  stm32l0xx_hal_adc_ex.o ABSOLUTE
    ../Drivers/STM32L0xx_HAL_Driver/Src/stm32l0xx_hal_cortex.c 0x00000000   Number         0  stm32l0xx_hal_cortex.o ABSOLUTE
    ../Drivers/STM32L0xx_HAL_Driver/Src/stm32l0xx_hal_dma.c 0x00000000   Number         0  stm32l0xx_hal_dma.o ABSOLUTE
    ../Drivers/STM32L0xx_HAL_Driver/Src/stm32l0xx_hal_exti.c 0x00000000   Number         0  stm32l0xx_hal_exti.o ABSOLUTE
    ../Drivers/STM32L0xx_HAL_Driver/Src/stm32l0xx_hal_flash.c 0x00000000   Number         0  stm32l0xx_hal_flash.o ABSOLUTE
    ../Drivers/STM32L0xx_HAL_Driver/Src/stm32l0xx_hal_flash_ex.c 0x00000000   Number         0  stm32l0xx_hal_flash_ex.o ABSOLUTE
    ../Drivers/STM32L0xx_HAL_Driver/Src/stm32l0xx_hal_flash_ramfunc.c 0x00000000   Number         0  stm32l0xx_hal_flash_ramfunc.o ABSOLUTE
    ../Drivers/STM32L0xx_HAL_Driver/Src/stm32l0xx_hal_gpio.c 0x00000000   Number         0  stm32l0xx_hal_gpio.o ABSOLUTE
    ../Drivers/STM32L0xx_HAL_Driver/Src/stm32l0xx_hal_i2c.c 0x00000000   Number         0  stm32l0xx_hal_i2c.o ABSOLUTE
    ../Drivers/STM32L0xx_HAL_Driver/Src/stm32l0xx_hal_i2c_ex.c 0x00000000   Number         0  stm32l0xx_hal_i2c_ex.o ABSOLUTE
    ../Drivers/STM32L0xx_HAL_Driver/Src/stm32l0xx_hal_pwr.c 0x00000000   Number         0  stm32l0xx_hal_pwr.o ABSOLUTE
    ../Drivers/STM32L0xx_HAL_Driver/Src/stm32l0xx_hal_pwr_ex.c 0x00000000   Number         0  stm32l0xx_hal_pwr_ex.o ABSOLUTE
    ../Drivers/STM32L0xx_HAL_Driver/Src/stm32l0xx_hal_rcc.c 0x00000000   Number         0  stm32l0xx_hal_rcc.o ABSOLUTE
    ../Drivers/STM32L0xx_HAL_Driver/Src/stm32l0xx_hal_rcc_ex.c 0x00000000   Number         0  stm32l0xx_hal_rcc_ex.o ABSOLUTE
    ../Drivers/STM32L0xx_HAL_Driver/Src/stm32l0xx_hal_rtc.c 0x00000000   Number         0  stm32l0xx_hal_rtc.o ABSOLUTE
    ../Drivers/STM32L0xx_HAL_Driver/Src/stm32l0xx_hal_rtc_ex.c 0x00000000   Number         0  stm32l0xx_hal_rtc_ex.o ABSOLUTE
    ../Drivers/STM32L0xx_HAL_Driver/Src/stm32l0xx_hal_tim.c 0x00000000   Number         0  stm32l0xx_hal_tim.o ABSOLUTE
    ../Drivers/STM32L0xx_HAL_Driver/Src/stm32l0xx_hal_tim_ex.c 0x00000000   Number         0  stm32l0xx_hal_tim_ex.o ABSOLUTE
    ../Drivers/STM32L0xx_HAL_Driver/Src/stm32l0xx_hal_uart.c 0x00000000   Number         0  stm32l0xx_hal_uart.o ABSOLUTE
    ../Drivers/STM32L0xx_HAL_Driver/Src/stm32l0xx_hal_uart_ex.c 0x00000000   Number         0  stm32l0xx_hal_uart_ex.o ABSOLUTE
    ../clib/../cmprslib/zerorunl2.c          0x00000000   Number         0  __dczerorl2.o ABSOLUTE
    ../clib/microlib/division.c              0x00000000   Number         0  uidiv.o ABSOLUTE
    ../clib/microlib/division.c              0x00000000   Number         0  uldiv.o ABSOLUTE
    ../clib/microlib/init/entry.s            0x00000000   Number         0  entry5.o ABSOLUTE
    ../clib/microlib/init/entry.s            0x00000000   Number         0  entry7b.o ABSOLUTE
    ../clib/microlib/init/entry.s            0x00000000   Number         0  entry8b.o ABSOLUTE
    ../clib/microlib/init/entry.s            0x00000000   Number         0  entry11a.o ABSOLUTE
    ../clib/microlib/init/entry.s            0x00000000   Number         0  entry11b.o ABSOLUTE
    ../clib/microlib/init/entry.s            0x00000000   Number         0  entry10b.o ABSOLUTE
    ../clib/microlib/init/entry.s            0x00000000   Number         0  entry10a.o ABSOLUTE
    ../clib/microlib/init/entry.s            0x00000000   Number         0  entry9b.o ABSOLUTE
    ../clib/microlib/init/entry.s            0x00000000   Number         0  entry7a.o ABSOLUTE
    ../clib/microlib/init/entry.s            0x00000000   Number         0  entry9a.o ABSOLUTE
    ../clib/microlib/init/entry.s            0x00000000   Number         0  entry2.o ABSOLUTE
    ../clib/microlib/init/entry.s            0x00000000   Number         0  entry.o ABSOLUTE
    ../clib/microlib/init/entry.s            0x00000000   Number         0  entry8a.o ABSOLUTE
    ../clib/microlib/longlong.c              0x00000000   Number         0  llshl.o ABSOLUTE
    ../clib/microlib/longlong.c              0x00000000   Number         0  llushr.o ABSOLUTE
    ../clib/microlib/string/memcpy.c         0x00000000   Number         0  memcpya.o ABSOLUTE
    ../clib/microlib/string/memcpy.c         0x00000000   Number         0  memcpyb.o ABSOLUTE
    ../clib/microlib/string/memset.c         0x00000000   Number         0  memseta.o ABSOLUTE
    ../clib/microlib/string/strlen.c         0x00000000   Number         0  strlen.o ABSOLUTE
    ../clib/microlib/stubs.s                 0x00000000   Number         0  iusefp.o ABSOLUTE
    ../fplib/microlib/fpepilogue.c           0x00000000   Number         0  depilogue.o ABSOLUTE
    ../fplib/microlib/fpfix.c                0x00000000   Number         0  dfixi.o ABSOLUTE
    ../fplib/microlib/fpflt.c                0x00000000   Number         0  dfltui.o ABSOLUTE
    ..\Core\Src\aes.c                        0x00000000   Number         0  aes.o ABSOLUTE
    ..\Core\Src\main.c                       0x00000000   Number         0  main.o ABSOLUTE
    ..\Core\Src\stm32l0xx_hal_msp.c          0x00000000   Number         0  stm32l0xx_hal_msp.o ABSOLUTE
    ..\Core\Src\stm32l0xx_it.c               0x00000000   Number         0  stm32l0xx_it.o ABSOLUTE
    ..\Core\Src\system_stm32l0xx.c           0x00000000   Number         0  system_stm32l0xx.o ABSOLUTE
    ..\Drivers\STM32L0xx_HAL_Driver\Src\stm32l0xx_hal.c 0x00000000   Number         0  stm32l0xx_hal.o ABSOLUTE
    ..\Drivers\STM32L0xx_HAL_Driver\Src\stm32l0xx_hal_adc.c 0x00000000   Number         0  stm32l0xx_hal_adc.o ABSOLUTE
    ..\Drivers\STM32L0xx_HAL_Driver\Src\stm32l0xx_hal_adc_ex.c 0x00000000   Number         0  stm32l0xx_hal_adc_ex.o ABSOLUTE
    ..\Drivers\STM32L0xx_HAL_Driver\Src\stm32l0xx_hal_cortex.c 0x00000000   Number         0  stm32l0xx_hal_cortex.o ABSOLUTE
    ..\Drivers\STM32L0xx_HAL_Driver\Src\stm32l0xx_hal_dma.c 0x00000000   Number         0  stm32l0xx_hal_dma.o ABSOLUTE
    ..\Drivers\STM32L0xx_HAL_Driver\Src\stm32l0xx_hal_exti.c 0x00000000   Number         0  stm32l0xx_hal_exti.o ABSOLUTE
    ..\Drivers\STM32L0xx_HAL_Driver\Src\stm32l0xx_hal_flash.c 0x00000000   Number         0  stm32l0xx_hal_flash.o ABSOLUTE
    ..\Drivers\STM32L0xx_HAL_Driver\Src\stm32l0xx_hal_flash_ex.c 0x00000000   Number         0  stm32l0xx_hal_flash_ex.o ABSOLUTE
    ..\Drivers\STM32L0xx_HAL_Driver\Src\stm32l0xx_hal_flash_ramfunc.c 0x00000000   Number         0  stm32l0xx_hal_flash_ramfunc.o ABSOLUTE
    ..\Drivers\STM32L0xx_HAL_Driver\Src\stm32l0xx_hal_gpio.c 0x00000000   Number         0  stm32l0xx_hal_gpio.o ABSOLUTE
    ..\Drivers\STM32L0xx_HAL_Driver\Src\stm32l0xx_hal_i2c.c 0x00000000   Number         0  stm32l0xx_hal_i2c.o ABSOLUTE
    ..\Drivers\STM32L0xx_HAL_Driver\Src\stm32l0xx_hal_i2c_ex.c 0x00000000   Number         0  stm32l0xx_hal_i2c_ex.o ABSOLUTE
    ..\Drivers\STM32L0xx_HAL_Driver\Src\stm32l0xx_hal_iwdg.c 0x00000000   Number         0  stm32l0xx_hal_iwdg.o ABSOLUTE
    ..\Drivers\STM32L0xx_HAL_Driver\Src\stm32l0xx_hal_pwr.c 0x00000000   Number         0  stm32l0xx_hal_pwr.o ABSOLUTE
    ..\Drivers\STM32L0xx_HAL_Driver\Src\stm32l0xx_hal_pwr_ex.c 0x00000000   Number         0  stm32l0xx_hal_pwr_ex.o ABSOLUTE
    ..\Drivers\STM32L0xx_HAL_Driver\Src\stm32l0xx_hal_rcc.c 0x00000000   Number         0  stm32l0xx_hal_rcc.o ABSOLUTE
    ..\Drivers\STM32L0xx_HAL_Driver\Src\stm32l0xx_hal_rcc_ex.c 0x00000000   Number         0  stm32l0xx_hal_rcc_ex.o ABSOLUTE
    ..\Drivers\STM32L0xx_HAL_Driver\Src\stm32l0xx_hal_rtc.c 0x00000000   Number         0  stm32l0xx_hal_rtc.o ABSOLUTE
    ..\Drivers\STM32L0xx_HAL_Driver\Src\stm32l0xx_hal_rtc_ex.c 0x00000000   Number         0  stm32l0xx_hal_rtc_ex.o ABSOLUTE
    ..\Drivers\STM32L0xx_HAL_Driver\Src\stm32l0xx_hal_tim.c 0x00000000   Number         0  stm32l0xx_hal_tim.o ABSOLUTE
    ..\Drivers\STM32L0xx_HAL_Driver\Src\stm32l0xx_hal_tim_ex.c 0x00000000   Number         0  stm32l0xx_hal_tim_ex.o ABSOLUTE
    ..\Drivers\STM32L0xx_HAL_Driver\Src\stm32l0xx_hal_uart.c 0x00000000   Number         0  stm32l0xx_hal_uart.o ABSOLUTE
    ..\Drivers\STM32L0xx_HAL_Driver\Src\stm32l0xx_hal_uart_ex.c 0x00000000   Number         0  stm32l0xx_hal_uart_ex.o ABSOLUTE
    ..\\Drivers\\STM32L0xx_HAL_Driver\\Src\\stm32l0xx_hal_iwdg.c 0x00000000   Number         0  stm32l0xx_hal_iwdg.o ABSOLUTE
    dc.s                                     0x00000000   Number         0  dc.o ABSOLUTE
    handlers.s                               0x00000000   Number         0  handlers.o ABSOLUTE
    init.s                                   0x00000000   Number         0  init.o ABSOLUTE
    startup_stm32l010x8.s                    0x00000000   Number         0  startup_stm32l010x8.o ABSOLUTE
    RESET                                    0x08000000   Section      192  startup_stm32l010x8.o(RESET)
    .ARM.Collect$$$$00000000                 0x080000c0   Section        0  entry.o(.ARM.Collect$$$$00000000)
    .ARM.Collect$$$$00000001                 0x080000c0   Section        4  entry2.o(.ARM.Collect$$$$00000001)
    .ARM.Collect$$$$00000004                 0x080000c4   Section        4  entry5.o(.ARM.Collect$$$$00000004)
    .ARM.Collect$$$$00000008                 0x080000c8   Section        0  entry7b.o(.ARM.Collect$$$$00000008)
    .ARM.Collect$$$$0000000A                 0x080000c8   Section        0  entry8b.o(.ARM.Collect$$$$0000000A)
    .ARM.Collect$$$$0000000B                 0x080000c8   Section        8  entry9a.o(.ARM.Collect$$$$0000000B)
    .ARM.Collect$$$$0000000D                 0x080000d0   Section        0  entry10a.o(.ARM.Collect$$$$0000000D)
    .ARM.Collect$$$$0000000F                 0x080000d0   Section        0  entry11a.o(.ARM.Collect$$$$0000000F)
    .ARM.Collect$$$$00002712                 0x080000d0   Section        4  entry2.o(.ARM.Collect$$$$00002712)
    __lit__00000000                          0x080000d0   Data           4  entry2.o(.ARM.Collect$$$$00002712)
    .text                                    0x080000d4   Section       88  startup_stm32l010x8.o(.text)
    .text                                    0x0800012c   Section        0  uidiv.o(.text)
    .text                                    0x08000158   Section        0  uldiv.o(.text)
    .text                                    0x080001b8   Section        0  memcpya.o(.text)
    .text                                    0x080001dc   Section        0  memseta.o(.text)
    .text                                    0x08000200   Section        0  strlen.o(.text)
    .text                                    0x08000210   Section        0  dfltui.o(.text)
    .text                                    0x0800022c   Section        0  dfixi.o(.text)
    .text                                    0x08000274   Section        0  llshl.o(.text)
    .text                                    0x08000294   Section        0  llushr.o(.text)
    .text                                    0x080002b6   Section        0  depilogue.o(.text)
    .text                                    0x080002b6   Section        0  iusefp.o(.text)
    .text                                    0x08000374   Section       36  init.o(.text)
    .text                                    0x08000398   Section        0  __dczerorl2.o(.text)
    i.ADC_ConversionStop                     0x080003ee   Section        0  stm32l0xx_hal_adc.o(i.ADC_ConversionStop)
    ADC_ConversionStop                       0x080003ef   Thumb Code    82  stm32l0xx_hal_adc.o(i.ADC_ConversionStop)
    i.ADC_Disable                            0x08000440   Section        0  stm32l0xx_hal_adc.o(i.ADC_Disable)
    ADC_Disable                              0x08000441   Thumb Code    96  stm32l0xx_hal_adc.o(i.ADC_Disable)
    i.ADC_Enable                             0x080004a0   Section        0  stm32l0xx_hal_adc.o(i.ADC_Enable)
    ADC_Enable                               0x080004a1   Thumb Code   110  stm32l0xx_hal_adc.o(i.ADC_Enable)
    i.Delay_100                              0x0800051c   Section        0  main.o(i.Delay_100)
    Delay_100                                0x0800051d   Thumb Code    22  main.o(i.Delay_100)
    i.Delay_1000                             0x0800053c   Section        0  main.o(i.Delay_1000)
    Delay_1000                               0x0800053d   Thumb Code    22  main.o(i.Delay_1000)
    i.EXTI2_3_IRQHandler                     0x0800055c   Section        0  stm32l0xx_it.o(i.EXTI2_3_IRQHandler)
    i.Get_ADC_Input                          0x08000568   Section        0  main.o(i.Get_ADC_Input)
    i.Get_VoltageValue                       0x080005ec   Section        0  main.o(i.Get_VoltageValue)
    i.HAL_ADCEx_Calibration_Start            0x08000644   Section        0  stm32l0xx_hal_adc_ex.o(i.HAL_ADCEx_Calibration_Start)
    i.HAL_ADC_ConfigChannel                  0x080006f0   Section        0  stm32l0xx_hal_adc.o(i.HAL_ADC_ConfigChannel)
    i.HAL_ADC_GetState                       0x08000764   Section        0  stm32l0xx_hal_adc.o(i.HAL_ADC_GetState)
    i.HAL_ADC_GetValue                       0x08000768   Section        0  stm32l0xx_hal_adc.o(i.HAL_ADC_GetValue)
    i.HAL_ADC_Init                           0x08000770   Section        0  stm32l0xx_hal_adc.o(i.HAL_ADC_Init)
    i.HAL_ADC_MspInit                        0x08000938   Section        0  stm32l0xx_hal_msp.o(i.HAL_ADC_MspInit)
    i.HAL_ADC_PollForConversion              0x08000988   Section        0  stm32l0xx_hal_adc.o(i.HAL_ADC_PollForConversion)
    i.HAL_ADC_Start                          0x08000a48   Section        0  stm32l0xx_hal_adc.o(i.HAL_ADC_Start)
    i.HAL_ADC_Stop                           0x08000aa4   Section        0  stm32l0xx_hal_adc.o(i.HAL_ADC_Stop)
    i.HAL_DMA_Abort                          0x08000ae2   Section        0  stm32l0xx_hal_dma.o(i.HAL_DMA_Abort)
    i.HAL_DMA_Abort_IT                       0x08000b26   Section        0  stm32l0xx_hal_dma.o(i.HAL_DMA_Abort_IT)
    i.HAL_GPIO_DeInit                        0x08000b74   Section        0  stm32l0xx_hal_gpio.o(i.HAL_GPIO_DeInit)
    i.HAL_GPIO_EXTI_Callback                 0x08000c58   Section        0  main.o(i.HAL_GPIO_EXTI_Callback)
    i.HAL_GPIO_EXTI_IRQHandler               0x08000c80   Section        0  stm32l0xx_hal_gpio.o(i.HAL_GPIO_EXTI_IRQHandler)
    i.HAL_GPIO_Init                          0x08000c98   Section        0  stm32l0xx_hal_gpio.o(i.HAL_GPIO_Init)
    i.HAL_GPIO_ReadPin                       0x08000e10   Section        0  stm32l0xx_hal_gpio.o(i.HAL_GPIO_ReadPin)
    i.HAL_GPIO_TogglePin                     0x08000e1a   Section        0  stm32l0xx_hal_gpio.o(i.HAL_GPIO_TogglePin)
    i.HAL_GPIO_WritePin                      0x08000e2a   Section        0  stm32l0xx_hal_gpio.o(i.HAL_GPIO_WritePin)
    i.HAL_GetTick                            0x08000e38   Section        0  stm32l0xx_hal.o(i.HAL_GetTick)
    i.HAL_I2CEx_ConfigAnalogFilter           0x08000e44   Section        0  stm32l0xx_hal_i2c_ex.o(i.HAL_I2CEx_ConfigAnalogFilter)
    i.HAL_I2CEx_ConfigDigitalFilter          0x08000e8e   Section        0  stm32l0xx_hal_i2c_ex.o(i.HAL_I2CEx_ConfigDigitalFilter)
    i.HAL_I2C_Init                           0x08000ed8   Section        0  stm32l0xx_hal_i2c.o(i.HAL_I2C_Init)
    i.HAL_I2C_Master_Receive                 0x08000f8c   Section        0  stm32l0xx_hal_i2c.o(i.HAL_I2C_Master_Receive)
    i.HAL_I2C_Master_Transmit                0x0800109c   Section        0  stm32l0xx_hal_i2c.o(i.HAL_I2C_Master_Transmit)
    i.HAL_I2C_MspInit                        0x080011ac   Section        0  stm32l0xx_hal_msp.o(i.HAL_I2C_MspInit)
    i.HAL_IWDG_Init                          0x08001208   Section        0  stm32l0xx_hal_iwdg.o(i.HAL_IWDG_Init)
    i.HAL_IWDG_Refresh                       0x0800126c   Section        0  stm32l0xx_hal_iwdg.o(i.HAL_IWDG_Refresh)
    i.HAL_IncTick                            0x0800127c   Section        0  stm32l0xx_hal.o(i.HAL_IncTick)
    i.HAL_Init                               0x0800128c   Section        0  stm32l0xx_hal.o(i.HAL_Init)
    i.HAL_InitTick                           0x080012b4   Section        0  stm32l0xx_hal.o(i.HAL_InitTick)
    i.HAL_MspInit                            0x080012f8   Section        0  stm32l0xx_hal_msp.o(i.HAL_MspInit)
    i.HAL_NVIC_DisableIRQ                    0x08001310   Section        0  stm32l0xx_hal_cortex.o(i.HAL_NVIC_DisableIRQ)
    i.HAL_NVIC_EnableIRQ                     0x08001330   Section        0  stm32l0xx_hal_cortex.o(i.HAL_NVIC_EnableIRQ)
    i.HAL_NVIC_SetPriority                   0x08001348   Section        0  stm32l0xx_hal_cortex.o(i.HAL_NVIC_SetPriority)
    i.HAL_PWREx_EnableFastWakeUp             0x08001350   Section        0  stm32l0xx_hal_pwr_ex.o(i.HAL_PWREx_EnableFastWakeUp)
    i.HAL_PWREx_EnableUltraLowPower          0x08001360   Section        0  stm32l0xx_hal_pwr_ex.o(i.HAL_PWREx_EnableUltraLowPower)
    i.HAL_PWR_EnterSTOPMode                  0x08001370   Section        0  stm32l0xx_hal_pwr.o(i.HAL_PWR_EnterSTOPMode)
    i.HAL_RCCEx_PeriphCLKConfig              0x080013d4   Section        0  stm32l0xx_hal_rcc_ex.o(i.HAL_RCCEx_PeriphCLKConfig)
    i.HAL_RCC_ClockConfig                    0x08001524   Section        0  stm32l0xx_hal_rcc.o(i.HAL_RCC_ClockConfig)
    i.HAL_RCC_GetPCLK1Freq                   0x080016c0   Section        0  stm32l0xx_hal_rcc.o(i.HAL_RCC_GetPCLK1Freq)
    i.HAL_RCC_GetPCLK2Freq                   0x080016e0   Section        0  stm32l0xx_hal_rcc.o(i.HAL_RCC_GetPCLK2Freq)
    i.HAL_RCC_GetSysClockFreq                0x08001700   Section        0  stm32l0xx_hal_rcc.o(i.HAL_RCC_GetSysClockFreq)
    i.HAL_RCC_OscConfig                      0x08001778   Section        0  stm32l0xx_hal_rcc.o(i.HAL_RCC_OscConfig)
    i.HAL_RTCEx_SetWakeUpTimer_IT            0x08001bac   Section        0  stm32l0xx_hal_rtc_ex.o(i.HAL_RTCEx_SetWakeUpTimer_IT)
    i.HAL_RTCEx_WakeUpTimerEventCallback     0x08001ca4   Section        0  main.o(i.HAL_RTCEx_WakeUpTimerEventCallback)
    i.HAL_RTCEx_WakeUpTimerIRQHandler        0x080022a4   Section        0  stm32l0xx_hal_rtc_ex.o(i.HAL_RTCEx_WakeUpTimerIRQHandler)
    i.HAL_RTC_Init                           0x080022dc   Section        0  stm32l0xx_hal_rtc.o(i.HAL_RTC_Init)
    i.HAL_RTC_MspInit                        0x08002398   Section        0  stm32l0xx_hal_msp.o(i.HAL_RTC_MspInit)
    i.HAL_RTC_SetDate                        0x080023c8   Section        0  stm32l0xx_hal_rtc.o(i.HAL_RTC_SetDate)
    i.HAL_RTC_SetTime                        0x0800248c   Section        0  stm32l0xx_hal_rtc.o(i.HAL_RTC_SetTime)
    i.HAL_RTC_WaitForSynchro                 0x08002574   Section        0  stm32l0xx_hal_rtc.o(i.HAL_RTC_WaitForSynchro)
    i.HAL_SYSTICK_Config                     0x080025a8   Section        0  stm32l0xx_hal_cortex.o(i.HAL_SYSTICK_Config)
    i.HAL_UARTEx_RxEventCallback             0x080025d8   Section        0  stm32l0xx_hal_uart.o(i.HAL_UARTEx_RxEventCallback)
    i.HAL_UARTEx_WakeupCallback              0x080025da   Section        0  stm32l0xx_hal_uart_ex.o(i.HAL_UARTEx_WakeupCallback)
    i.HAL_UART_DeInit                        0x080025dc   Section        0  stm32l0xx_hal_uart.o(i.HAL_UART_DeInit)
    i.HAL_UART_ErrorCallback                 0x0800261a   Section        0  stm32l0xx_hal_uart.o(i.HAL_UART_ErrorCallback)
    i.HAL_UART_IRQHandler                    0x0800261c   Section        0  stm32l0xx_hal_uart.o(i.HAL_UART_IRQHandler)
    i.HAL_UART_Init                          0x0800283c   Section        0  stm32l0xx_hal_uart.o(i.HAL_UART_Init)
    i.HAL_UART_MspDeInit                     0x080028a8   Section        0  stm32l0xx_hal_msp.o(i.HAL_UART_MspDeInit)
    i.HAL_UART_MspInit                       0x080028d8   Section        0  stm32l0xx_hal_msp.o(i.HAL_UART_MspInit)
    i.HAL_UART_Receive_IT                    0x08002944   Section        0  stm32l0xx_hal_uart.o(i.HAL_UART_Receive_IT)
    i.HAL_UART_RxCpltCallback                0x080029a4   Section        0  main.o(i.HAL_UART_RxCpltCallback)
    i.HAL_UART_Transmit_IT                   0x080029dc   Section        0  stm32l0xx_hal_uart.o(i.HAL_UART_Transmit_IT)
    i.HAL_UART_TxCpltCallback                0x08002a54   Section        0  stm32l0xx_hal_uart.o(i.HAL_UART_TxCpltCallback)
    i.HardFault_Handler                      0x08002a56   Section        0  stm32l0xx_it.o(i.HardFault_Handler)
    i.I2C_Flush_TXDR                         0x08002a58   Section        0  stm32l0xx_hal_i2c.o(i.I2C_Flush_TXDR)
    I2C_Flush_TXDR                           0x08002a59   Thumb Code    34  stm32l0xx_hal_i2c.o(i.I2C_Flush_TXDR)
    i.I2C_IsAcknowledgeFailed                0x08002a7c   Section        0  stm32l0xx_hal_i2c.o(i.I2C_IsAcknowledgeFailed)
    I2C_IsAcknowledgeFailed                  0x08002a7d   Thumb Code   108  stm32l0xx_hal_i2c.o(i.I2C_IsAcknowledgeFailed)
    i.I2C_TransferConfig                     0x08002aec   Section        0  stm32l0xx_hal_i2c.o(i.I2C_TransferConfig)
    I2C_TransferConfig                       0x08002aed   Thumb Code    34  stm32l0xx_hal_i2c.o(i.I2C_TransferConfig)
    i.I2C_WaitOnFlagUntilTimeout             0x08002b14   Section        0  stm32l0xx_hal_i2c.o(i.I2C_WaitOnFlagUntilTimeout)
    I2C_WaitOnFlagUntilTimeout               0x08002b15   Thumb Code    78  stm32l0xx_hal_i2c.o(i.I2C_WaitOnFlagUntilTimeout)
    i.I2C_WaitOnRXNEFlagUntilTimeout         0x08002b64   Section        0  stm32l0xx_hal_i2c.o(i.I2C_WaitOnRXNEFlagUntilTimeout)
    I2C_WaitOnRXNEFlagUntilTimeout           0x08002b65   Thumb Code   122  stm32l0xx_hal_i2c.o(i.I2C_WaitOnRXNEFlagUntilTimeout)
    i.I2C_WaitOnSTOPFlagUntilTimeout         0x08002be4   Section        0  stm32l0xx_hal_i2c.o(i.I2C_WaitOnSTOPFlagUntilTimeout)
    I2C_WaitOnSTOPFlagUntilTimeout           0x08002be5   Thumb Code    76  stm32l0xx_hal_i2c.o(i.I2C_WaitOnSTOPFlagUntilTimeout)
    i.I2C_WaitOnTXISFlagUntilTimeout         0x08002c30   Section        0  stm32l0xx_hal_i2c.o(i.I2C_WaitOnTXISFlagUntilTimeout)
    I2C_WaitOnTXISFlagUntilTimeout           0x08002c31   Thumb Code    80  stm32l0xx_hal_i2c.o(i.I2C_WaitOnTXISFlagUntilTimeout)
    i.MX_ADC_Init                            0x08002c80   Section        0  main.o(i.MX_ADC_Init)
    MX_ADC_Init                              0x08002c81   Thumb Code   100  main.o(i.MX_ADC_Init)
    i.MX_GPIO_Init                           0x08002cf0   Section        0  main.o(i.MX_GPIO_Init)
    MX_GPIO_Init                             0x08002cf1   Thumb Code   220  main.o(i.MX_GPIO_Init)
    i.MX_I2C1_Init                           0x08002de4   Section        0  main.o(i.MX_I2C1_Init)
    MX_I2C1_Init                             0x08002de5   Thumb Code    50  main.o(i.MX_I2C1_Init)
    i.MX_RTC_Init                            0x08002e20   Section        0  main.o(i.MX_RTC_Init)
    MX_RTC_Init                              0x08002e21   Thumb Code   104  main.o(i.MX_RTC_Init)
    i.MX_USART2_UART_Init                    0x08002e94   Section        0  main.o(i.MX_USART2_UART_Init)
    MX_USART2_UART_Init                      0x08002e95   Thumb Code    40  main.o(i.MX_USART2_UART_Init)
    i.NMI_Handler                            0x08002ec4   Section        0  stm32l0xx_it.o(i.NMI_Handler)
    i.PendSV_Handler                         0x08002ec6   Section        0  stm32l0xx_it.o(i.PendSV_Handler)
    i.RTC_ByteToBcd2                         0x08002ec8   Section        0  stm32l0xx_hal_rtc.o(i.RTC_ByteToBcd2)
    i.RTC_EnterInitMode                      0x08002ee0   Section        0  stm32l0xx_hal_rtc.o(i.RTC_EnterInitMode)
    i.RTC_IRQHandler                         0x08002f18   Section        0  stm32l0xx_it.o(i.RTC_IRQHandler)
    i.SVC_Handler                            0x08002f28   Section        0  stm32l0xx_it.o(i.SVC_Handler)
    i.SysTick_Handler                        0x08002f2a   Section        0  stm32l0xx_it.o(i.SysTick_Handler)
    i.SystemClock_Config                     0x08002f34   Section        0  main.o(i.SystemClock_Config)
    i.SystemInit                             0x08002fb4   Section        0  system_stm32l0xx.o(i.SystemInit)
    i.UART_AdvFeatureConfig                  0x08002fc4   Section        0  stm32l0xx_hal_uart.o(i.UART_AdvFeatureConfig)
    i.UART_CheckIdleState                    0x08003090   Section        0  stm32l0xx_hal_uart.o(i.UART_CheckIdleState)
    i.UART_DMAAbortOnError                   0x080030f4   Section        0  stm32l0xx_hal_uart.o(i.UART_DMAAbortOnError)
    UART_DMAAbortOnError                     0x080030f5   Thumb Code    20  stm32l0xx_hal_uart.o(i.UART_DMAAbortOnError)
    i.UART_EndRxTransfer                     0x08003108   Section        0  stm32l0xx_hal_uart.o(i.UART_EndRxTransfer)
    UART_EndRxTransfer                       0x08003109   Thumb Code    50  stm32l0xx_hal_uart.o(i.UART_EndRxTransfer)
    i.UART_RxISR_16BIT                       0x0800313a   Section        0  stm32l0xx_hal_uart.o(i.UART_RxISR_16BIT)
    UART_RxISR_16BIT                         0x0800313b   Thumb Code   118  stm32l0xx_hal_uart.o(i.UART_RxISR_16BIT)
    i.UART_RxISR_8BIT                        0x080031b0   Section        0  stm32l0xx_hal_uart.o(i.UART_RxISR_8BIT)
    UART_RxISR_8BIT                          0x080031b1   Thumb Code   118  stm32l0xx_hal_uart.o(i.UART_RxISR_8BIT)
    i.UART_SetConfig                         0x08003228   Section        0  stm32l0xx_hal_uart.o(i.UART_SetConfig)
    i.UART_Start_Receive_IT                  0x08003404   Section        0  stm32l0xx_hal_uart.o(i.UART_Start_Receive_IT)
    i.UART_TxISR_16BIT                       0x0800349c   Section        0  stm32l0xx_hal_uart.o(i.UART_TxISR_16BIT)
    UART_TxISR_16BIT                         0x0800349d   Thumb Code    64  stm32l0xx_hal_uart.o(i.UART_TxISR_16BIT)
    i.UART_TxISR_8BIT                        0x080034dc   Section        0  stm32l0xx_hal_uart.o(i.UART_TxISR_8BIT)
    UART_TxISR_8BIT                          0x080034dd   Thumb Code    60  stm32l0xx_hal_uart.o(i.UART_TxISR_8BIT)
    i.UART_WaitOnFlagUntilTimeout            0x08003518   Section        0  stm32l0xx_hal_uart.o(i.UART_WaitOnFlagUntilTimeout)
    i.USART2_IRQHandler                      0x080035b8   Section        0  stm32l0xx_it.o(i.USART2_IRQHandler)
    i.__ARM_clz                              0x080035c8   Section        0  depilogue.o(i.__ARM_clz)
    i.__ARM_common_ll_muluu                  0x080035f6   Section        0  stm32l0xx_hal_rcc.o(i.__ARM_common_ll_muluu)
    i.__ARM_common_switch8                   0x08003626   Section        0  main.o(i.__ARM_common_switch8)
    i.__NVIC_SetPriority                     0x08003640   Section        0  stm32l0xx_hal_cortex.o(i.__NVIC_SetPriority)
    __NVIC_SetPriority                       0x08003641   Thumb Code    60  stm32l0xx_hal_cortex.o(i.__NVIC_SetPriority)
    i.__scatterload_copy                     0x08003684   Section       14  handlers.o(i.__scatterload_copy)
    i.__scatterload_null                     0x08003692   Section        2  handlers.o(i.__scatterload_null)
    i.__scatterload_zeroinit                 0x08003694   Section       14  handlers.o(i.__scatterload_zeroinit)
    i.count_input1_pulses                    0x080036a4   Section        0  main.o(i.count_input1_pulses)
    count_input1_pulses                      0x080036a5   Thumb Code    76  main.o(i.count_input1_pulses)
    i.get_psin                               0x080036f4   Section        0  main.o(i.get_psin)
    get_psin                                 0x080036f5   Thumb Code   120  main.o(i.get_psin)
    i.get_vbat                               0x08003780   Section        0  main.o(i.get_vbat)
    get_vbat                                 0x08003781   Thumb Code   126  main.o(i.get_vbat)
    i.i2c_nfc_read                           0x0800380c   Section        0  main.o(i.i2c_nfc_read)
    i2c_nfc_read                             0x0800380d   Thumb Code    70  main.o(i.i2c_nfc_read)
    i.i2c_nfc_write                          0x08003860   Section        0  main.o(i.i2c_nfc_write)
    i2c_nfc_write                            0x08003861   Thumb Code    48  main.o(i.i2c_nfc_write)
    i.lora_autobaud                          0x08003898   Section        0  main.o(i.lora_autobaud)
    i.lora_printf                            0x080038b8   Section        0  main.o(i.lora_printf)
    i.lora_write                             0x080038d0   Section        0  main.o(i.lora_write)
    i.main                                   0x080038e4   Section        0  main.o(i.main)
    i.modem_init                             0x08003cb0   Section        0  main.o(i.modem_init)
    modem_init                               0x08003cb1   Thumb Code   160  main.o(i.modem_init)
    i.modem_reset                            0x08003ec8   Section        0  main.o(i.modem_reset)
    modem_reset                              0x08003ec9   Thumb Code    72  main.o(i.modem_reset)
    i.modem_wakeup                           0x08003f14   Section        0  main.o(i.modem_wakeup)
    modem_wakeup                             0x08003f15   Thumb Code    46  main.o(i.modem_wakeup)
    i.nfc_setup_GPO                          0x08003f54   Section        0  main.o(i.nfc_setup_GPO)
    nfc_setup_GPO                            0x08003f55   Thumb Code   102  main.o(i.nfc_setup_GPO)
    i.parse_rxstring                         0x08003fc4   Section        0  main.o(i.parse_rxstring)
    parse_rxstring                           0x08003fc5   Thumb Code   276  main.o(i.parse_rxstring)
    i.pin_deinit                             0x080040ec   Section        0  main.o(i.pin_deinit)
    i.pin_init                               0x080040fc   Section        0  main.o(i.pin_init)
    i.read_AMS5915                           0x08004138   Section        0  main.o(i.read_AMS5915)
    read_AMS5915                             0x08004139   Thumb Code   118  main.o(i.read_AMS5915)
    i.read_NFC                               0x080041d0   Section        0  main.o(i.read_NFC)
    read_NFC                                 0x080041d1   Thumb Code   198  main.o(i.read_NFC)
    i.read_NFC_calibration                   0x080042a0   Section        0  main.o(i.read_NFC_calibration)
    read_NFC_calibration                     0x080042a1   Thumb Code    66  main.o(i.read_NFC_calibration)
    i.rx_init                                0x080042ec   Section        0  main.o(i.rx_init)
    rx_init                                  0x080042ed   Thumb Code    34  main.o(i.rx_init)
    i.send_msg                               0x08004340   Section        0  main.o(i.send_msg)
    send_msg                                 0x08004341   Thumb Code   582  main.o(i.send_msg)
    i.set_channels                           0x080045c0   Section        0  main.o(i.set_channels)
    set_channels                             0x080045c1   Thumb Code   200  main.o(i.set_channels)
    i.start_msg_seq                          0x080046fc   Section        0  main.o(i.start_msg_seq)
    start_msg_seq                            0x080046fd   Thumb Code    16  main.o(i.start_msg_seq)
    i.stm32L_lowPowerSetup                   0x08004710   Section        0  main.o(i.stm32L_lowPowerSetup)
    i.test_calibrate_psin                    0x0800474c   Section        0  main.o(i.test_calibrate_psin)
    test_calibrate_psin                      0x0800474d   Thumb Code   100  main.o(i.test_calibrate_psin)
    i.test_inputs                            0x080047bc   Section        0  main.o(i.test_inputs)
    test_inputs                              0x080047bd   Thumb Code   398  main.o(i.test_inputs)
    i.write_NFC                              0x08004954   Section        0  main.o(i.write_NFC)
    write_NFC                                0x08004955   Thumb Code   208  main.o(i.write_NFC)
    i.write_NFC_factory_default              0x08004a28   Section        0  main.o(i.write_NFC_factory_default)
    write_NFC_factory_default                0x08004a29   Thumb Code   144  main.o(i.write_NFC_factory_default)
    .constdata                               0x08004ac8   Section       25  system_stm32l0xx.o(.constdata)
    .constdata                               0x08004ae1   Section        8  system_stm32l0xx.o(.constdata)
    .conststring                             0x08004aec   Section       17  main.o(.conststring)
    .data                                    0x20000000   Section      339  main.o(.data)
    .data                                    0x20000154   Section       12  stm32l0xx_hal.o(.data)
    .data                                    0x20000160   Section        4  system_stm32l0xx.o(.data)
    .bss                                     0x20000164   Section      556  main.o(.bss)
    m_i2c_buffer                             0x2000035e   Data          50  main.o(.bss)
    STACK                                    0x20000390   Section     1024  startup_stm32l010x8.o(STACK)

    Global Symbols

    Symbol Name                              Value     Ov Type        Size  Object(Section)

    BuildAttributes$$THM_ISAv3M$S$PE$A:L22$X:L11$S22$IEEE1$IW$USESV6$~STKCKD$USESV7$~SHL$OSPACE$ROPI$EBA8$MICROLIB$REQ8$PRES8$EABIv2 0x00000000   Number         0  anon$$obj.o ABSOLUTE
    __ARM_use_no_argv                        0x00000000   Number         0  main.o ABSOLUTE
    __cpp_initialize__aeabi_                  - Undefined Weak Reference
    __cxa_finalize                            - Undefined Weak Reference
    _clock_init                               - Undefined Weak Reference
    _microlib_exit                            - Undefined Weak Reference
    __Vectors_Size                           0x000000c0   Number         0  startup_stm32l010x8.o ABSOLUTE
    __Vectors                                0x08000000   Data           4  startup_stm32l010x8.o(RESET)
    __Vectors_End                            0x080000c0   Data           0  startup_stm32l010x8.o(RESET)
    __main                                   0x080000c1   Thumb Code     0  entry.o(.ARM.Collect$$$$00000000)
    _main_stk                                0x080000c1   Thumb Code     0  entry2.o(.ARM.Collect$$$$00000001)
    _main_scatterload                        0x080000c5   Thumb Code     0  entry5.o(.ARM.Collect$$$$00000004)
    __main_after_scatterload                 0x080000c9   Thumb Code     0  entry5.o(.ARM.Collect$$$$00000004)
    _main_clock                              0x080000c9   Thumb Code     0  entry7b.o(.ARM.Collect$$$$00000008)
    _main_cpp_init                           0x080000c9   Thumb Code     0  entry8b.o(.ARM.Collect$$$$0000000A)
    _main_init                               0x080000c9   Thumb Code     0  entry9a.o(.ARM.Collect$$$$0000000B)
    __rt_final_cpp                           0x080000d1   Thumb Code     0  entry10a.o(.ARM.Collect$$$$0000000D)
    __rt_final_exit                          0x080000d1   Thumb Code     0  entry11a.o(.ARM.Collect$$$$0000000F)
    Reset_Handler                            0x080000d5   Thumb Code    38  startup_stm32l010x8.o(.text)
    ADC1_IRQHandler                          0x08000105   Thumb Code     0  startup_stm32l010x8.o(.text)
    DMA1_Channel1_IRQHandler                 0x08000105   Thumb Code     0  startup_stm32l010x8.o(.text)
    DMA1_Channel2_3_IRQHandler               0x08000105   Thumb Code     0  startup_stm32l010x8.o(.text)
    DMA1_Channel4_5_6_7_IRQHandler           0x08000105   Thumb Code     0  startup_stm32l010x8.o(.text)
    EXTI0_1_IRQHandler                       0x08000105   Thumb Code     0  startup_stm32l010x8.o(.text)
    EXTI4_15_IRQHandler                      0x08000105   Thumb Code     0  startup_stm32l010x8.o(.text)
    FLASH_IRQHandler                         0x08000105   Thumb Code     0  startup_stm32l010x8.o(.text)
    I2C1_IRQHandler                          0x08000105   Thumb Code     0  startup_stm32l010x8.o(.text)
    LPTIM1_IRQHandler                        0x08000105   Thumb Code     0  startup_stm32l010x8.o(.text)
    LPUART1_IRQHandler                       0x08000105   Thumb Code     0  startup_stm32l010x8.o(.text)
    RCC_IRQHandler                           0x08000105   Thumb Code     0  startup_stm32l010x8.o(.text)
    SPI1_IRQHandler                          0x08000105   Thumb Code     0  startup_stm32l010x8.o(.text)
    TIM21_IRQHandler                         0x08000105   Thumb Code     0  startup_stm32l010x8.o(.text)
    TIM2_IRQHandler                          0x08000105   Thumb Code     0  startup_stm32l010x8.o(.text)
    WWDG_IRQHandler                          0x08000105   Thumb Code     0  startup_stm32l010x8.o(.text)
    __aeabi_uidiv                            0x0800012d   Thumb Code     0  uidiv.o(.text)
    __aeabi_uidivmod                         0x0800012d   Thumb Code    44  uidiv.o(.text)
    __aeabi_uldivmod                         0x08000159   Thumb Code    96  uldiv.o(.text)
    __aeabi_memcpy                           0x080001b9   Thumb Code    36  memcpya.o(.text)
    __aeabi_memcpy4                          0x080001b9   Thumb Code     0  memcpya.o(.text)
    __aeabi_memcpy8                          0x080001b9   Thumb Code     0  memcpya.o(.text)
    __aeabi_memset                           0x080001dd   Thumb Code    14  memseta.o(.text)
    __aeabi_memset4                          0x080001dd   Thumb Code     0  memseta.o(.text)
    __aeabi_memset8                          0x080001dd   Thumb Code     0  memseta.o(.text)
    __aeabi_memclr                           0x080001eb   Thumb Code     4  memseta.o(.text)
    __aeabi_memclr4                          0x080001eb   Thumb Code     0  memseta.o(.text)
    __aeabi_memclr8                          0x080001eb   Thumb Code     0  memseta.o(.text)
    _memset$wrapper                          0x080001ef   Thumb Code    18  memseta.o(.text)
    strlen                                   0x08000201   Thumb Code    14  strlen.o(.text)
    __aeabi_ui2d                             0x08000211   Thumb Code    24  dfltui.o(.text)
    __aeabi_d2iz                             0x0800022d   Thumb Code    62  dfixi.o(.text)
    __aeabi_llsl                             0x08000275   Thumb Code    32  llshl.o(.text)
    _ll_shift_l                              0x08000275   Thumb Code     0  llshl.o(.text)
    __aeabi_llsr                             0x08000295   Thumb Code    34  llushr.o(.text)
    _ll_ushift_r                             0x08000295   Thumb Code     0  llushr.o(.text)
    __I$use$fp                               0x080002b7   Thumb Code     0  iusefp.o(.text)
    _double_round                            0x080002b7   Thumb Code    26  depilogue.o(.text)
    _double_epilogue                         0x080002d1   Thumb Code   164  depilogue.o(.text)
    __scatterload                            0x08000375   Thumb Code    28  init.o(.text)
    __scatterload_rt2                        0x08000375   Thumb Code     0  init.o(.text)
    __decompress                             0x08000399   Thumb Code     0  __dczerorl2.o(.text)
    __decompress1                            0x08000399   Thumb Code    86  __dczerorl2.o(.text)
    EXTI2_3_IRQHandler                       0x0800055d   Thumb Code    10  stm32l0xx_it.o(i.EXTI2_3_IRQHandler)
    Get_ADC_Input                            0x08000569   Thumb Code   124  main.o(i.Get_ADC_Input)
    Get_VoltageValue                         0x080005ed   Thumb Code    70  main.o(i.Get_VoltageValue)
    HAL_ADCEx_Calibration_Start              0x08000645   Thumb Code   170  stm32l0xx_hal_adc_ex.o(i.HAL_ADCEx_Calibration_Start)
    HAL_ADC_ConfigChannel                    0x080006f1   Thumb Code   108  stm32l0xx_hal_adc.o(i.HAL_ADC_ConfigChannel)
    HAL_ADC_GetState                         0x08000765   Thumb Code     4  stm32l0xx_hal_adc.o(i.HAL_ADC_GetState)
    HAL_ADC_GetValue                         0x08000769   Thumb Code     6  stm32l0xx_hal_adc.o(i.HAL_ADC_GetValue)
    HAL_ADC_Init                             0x08000771   Thumb Code   446  stm32l0xx_hal_adc.o(i.HAL_ADC_Init)
    HAL_ADC_MspInit                          0x08000939   Thumb Code    72  stm32l0xx_hal_msp.o(i.HAL_ADC_MspInit)
    HAL_ADC_PollForConversion                0x08000989   Thumb Code   192  stm32l0xx_hal_adc.o(i.HAL_ADC_PollForConversion)
    HAL_ADC_Start                            0x08000a49   Thumb Code    86  stm32l0xx_hal_adc.o(i.HAL_ADC_Start)
    HAL_ADC_Stop                             0x08000aa5   Thumb Code    62  stm32l0xx_hal_adc.o(i.HAL_ADC_Stop)
    HAL_DMA_Abort                            0x08000ae3   Thumb Code    68  stm32l0xx_hal_dma.o(i.HAL_DMA_Abort)
    HAL_DMA_Abort_IT                         0x08000b27   Thumb Code    76  stm32l0xx_hal_dma.o(i.HAL_DMA_Abort_IT)
    HAL_GPIO_DeInit                          0x08000b75   Thumb Code   202  stm32l0xx_hal_gpio.o(i.HAL_GPIO_DeInit)
    HAL_GPIO_EXTI_Callback                   0x08000c59   Thumb Code    34  main.o(i.HAL_GPIO_EXTI_Callback)
    HAL_GPIO_EXTI_IRQHandler                 0x08000c81   Thumb Code    18  stm32l0xx_hal_gpio.o(i.HAL_GPIO_EXTI_IRQHandler)
    HAL_GPIO_Init                            0x08000c99   Thumb Code   346  stm32l0xx_hal_gpio.o(i.HAL_GPIO_Init)
    HAL_GPIO_ReadPin                         0x08000e11   Thumb Code    10  stm32l0xx_hal_gpio.o(i.HAL_GPIO_ReadPin)
    HAL_GPIO_TogglePin                       0x08000e1b   Thumb Code    16  stm32l0xx_hal_gpio.o(i.HAL_GPIO_TogglePin)
    HAL_GPIO_WritePin                        0x08000e2b   Thumb Code    12  stm32l0xx_hal_gpio.o(i.HAL_GPIO_WritePin)
    HAL_GetTick                              0x08000e39   Thumb Code     6  stm32l0xx_hal.o(i.HAL_GetTick)
    HAL_I2CEx_ConfigAnalogFilter             0x08000e45   Thumb Code    74  stm32l0xx_hal_i2c_ex.o(i.HAL_I2CEx_ConfigAnalogFilter)
    HAL_I2CEx_ConfigDigitalFilter            0x08000e8f   Thumb Code    72  stm32l0xx_hal_i2c_ex.o(i.HAL_I2CEx_ConfigDigitalFilter)
    HAL_I2C_Init                             0x08000ed9   Thumb Code   176  stm32l0xx_hal_i2c.o(i.HAL_I2C_Init)
    HAL_I2C_Master_Receive                   0x08000f8d   Thumb Code   262  stm32l0xx_hal_i2c.o(i.HAL_I2C_Master_Receive)
    HAL_I2C_Master_Transmit                  0x0800109d   Thumb Code   262  stm32l0xx_hal_i2c.o(i.HAL_I2C_Master_Transmit)
    HAL_I2C_MspInit                          0x080011ad   Thumb Code    78  stm32l0xx_hal_msp.o(i.HAL_I2C_MspInit)
    HAL_IWDG_Init                            0x08001209   Thumb Code    86  stm32l0xx_hal_iwdg.o(i.HAL_IWDG_Init)
    HAL_IWDG_Refresh                         0x0800126d   Thumb Code    10  stm32l0xx_hal_iwdg.o(i.HAL_IWDG_Refresh)
    HAL_IncTick                              0x0800127d   Thumb Code    12  stm32l0xx_hal.o(i.HAL_IncTick)
    HAL_Init                                 0x0800128d   Thumb Code    36  stm32l0xx_hal.o(i.HAL_Init)
    HAL_InitTick                             0x080012b5   Thumb Code    58  stm32l0xx_hal.o(i.HAL_InitTick)
    HAL_MspInit                              0x080012f9   Thumb Code    20  stm32l0xx_hal_msp.o(i.HAL_MspInit)
    HAL_NVIC_DisableIRQ                      0x08001311   Thumb Code    26  stm32l0xx_hal_cortex.o(i.HAL_NVIC_DisableIRQ)
    HAL_NVIC_EnableIRQ                       0x08001331   Thumb Code    18  stm32l0xx_hal_cortex.o(i.HAL_NVIC_EnableIRQ)
    HAL_NVIC_SetPriority                     0x08001349   Thumb Code     8  stm32l0xx_hal_cortex.o(i.HAL_NVIC_SetPriority)
    HAL_PWREx_EnableFastWakeUp               0x08001351   Thumb Code    12  stm32l0xx_hal_pwr_ex.o(i.HAL_PWREx_EnableFastWakeUp)
    HAL_PWREx_EnableUltraLowPower            0x08001361   Thumb Code    12  stm32l0xx_hal_pwr_ex.o(i.HAL_PWREx_EnableUltraLowPower)
    HAL_PWR_EnterSTOPMode                    0x08001371   Thumb Code    88  stm32l0xx_hal_pwr.o(i.HAL_PWR_EnterSTOPMode)
    HAL_RCCEx_PeriphCLKConfig                0x080013d5   Thumb Code   324  stm32l0xx_hal_rcc_ex.o(i.HAL_RCCEx_PeriphCLKConfig)
    HAL_RCC_ClockConfig                      0x08001525   Thumb Code   386  stm32l0xx_hal_rcc.o(i.HAL_RCC_ClockConfig)
    HAL_RCC_GetPCLK1Freq                     0x080016c1   Thumb Code    20  stm32l0xx_hal_rcc.o(i.HAL_RCC_GetPCLK1Freq)
    HAL_RCC_GetPCLK2Freq                     0x080016e1   Thumb Code    20  stm32l0xx_hal_rcc.o(i.HAL_RCC_GetPCLK2Freq)
    HAL_RCC_GetSysClockFreq                  0x08001701   Thumb Code   108  stm32l0xx_hal_rcc.o(i.HAL_RCC_GetSysClockFreq)
    HAL_RCC_OscConfig                        0x08001779   Thumb Code  1074  stm32l0xx_hal_rcc.o(i.HAL_RCC_OscConfig)
    HAL_RTCEx_SetWakeUpTimer_IT              0x08001bad   Thumb Code   238  stm32l0xx_hal_rtc_ex.o(i.HAL_RTCEx_SetWakeUpTimer_IT)
    HAL_RTCEx_WakeUpTimerEventCallback       0x08001ca5   Thumb Code  1514  main.o(i.HAL_RTCEx_WakeUpTimerEventCallback)
    HAL_RTCEx_WakeUpTimerIRQHandler          0x080022a5   Thumb Code    48  stm32l0xx_hal_rtc_ex.o(i.HAL_RTCEx_WakeUpTimerIRQHandler)
    HAL_RTC_Init                             0x080022dd   Thumb Code   184  stm32l0xx_hal_rtc.o(i.HAL_RTC_Init)
    HAL_RTC_MspInit                          0x08002399   Thumb Code    40  stm32l0xx_hal_msp.o(i.HAL_RTC_MspInit)
    HAL_RTC_SetDate                          0x080023c9   Thumb Code   190  stm32l0xx_hal_rtc.o(i.HAL_RTC_SetDate)
    HAL_RTC_SetTime                          0x0800248d   Thumb Code   228  stm32l0xx_hal_rtc.o(i.HAL_RTC_SetTime)
    HAL_RTC_WaitForSynchro                   0x08002575   Thumb Code    52  stm32l0xx_hal_rtc.o(i.HAL_RTC_WaitForSynchro)
    HAL_SYSTICK_Config                       0x080025a9   Thumb Code    38  stm32l0xx_hal_cortex.o(i.HAL_SYSTICK_Config)
    HAL_UARTEx_RxEventCallback               0x080025d9   Thumb Code     2  stm32l0xx_hal_uart.o(i.HAL_UARTEx_RxEventCallback)
    HAL_UARTEx_WakeupCallback                0x080025db   Thumb Code     2  stm32l0xx_hal_uart_ex.o(i.HAL_UARTEx_WakeupCallback)
    HAL_UART_DeInit                          0x080025dd   Thumb Code    62  stm32l0xx_hal_uart.o(i.HAL_UART_DeInit)
    HAL_UART_ErrorCallback                   0x0800261b   Thumb Code     2  stm32l0xx_hal_uart.o(i.HAL_UART_ErrorCallback)
    HAL_UART_IRQHandler                      0x0800261d   Thumb Code   530  stm32l0xx_hal_uart.o(i.HAL_UART_IRQHandler)
    HAL_UART_Init                            0x0800283d   Thumb Code   106  stm32l0xx_hal_uart.o(i.HAL_UART_Init)
    HAL_UART_MspDeInit                       0x080028a9   Thumb Code    40  stm32l0xx_hal_msp.o(i.HAL_UART_MspDeInit)
    HAL_UART_MspInit                         0x080028d9   Thumb Code    98  stm32l0xx_hal_msp.o(i.HAL_UART_MspInit)
    HAL_UART_Receive_IT                      0x08002945   Thumb Code    92  stm32l0xx_hal_uart.o(i.HAL_UART_Receive_IT)
    HAL_UART_RxCpltCallback                  0x080029a5   Thumb Code    46  main.o(i.HAL_UART_RxCpltCallback)
    HAL_UART_Transmit_IT                     0x080029dd   Thumb Code   112  stm32l0xx_hal_uart.o(i.HAL_UART_Transmit_IT)
    HAL_UART_TxCpltCallback                  0x08002a55   Thumb Code     2  stm32l0xx_hal_uart.o(i.HAL_UART_TxCpltCallback)
    HardFault_Handler                        0x08002a57   Thumb Code     2  stm32l0xx_it.o(i.HardFault_Handler)
    NMI_Handler                              0x08002ec5   Thumb Code     2  stm32l0xx_it.o(i.NMI_Handler)
    PendSV_Handler                           0x08002ec7   Thumb Code     2  stm32l0xx_it.o(i.PendSV_Handler)
    RTC_ByteToBcd2                           0x08002ec9   Thumb Code    24  stm32l0xx_hal_rtc.o(i.RTC_ByteToBcd2)
    RTC_EnterInitMode                        0x08002ee1   Thumb Code    56  stm32l0xx_hal_rtc.o(i.RTC_EnterInitMode)
    RTC_IRQHandler                           0x08002f19   Thumb Code    10  stm32l0xx_it.o(i.RTC_IRQHandler)
    SVC_Handler                              0x08002f29   Thumb Code     2  stm32l0xx_it.o(i.SVC_Handler)
    SysTick_Handler                          0x08002f2b   Thumb Code     8  stm32l0xx_it.o(i.SysTick_Handler)
    SystemClock_Config                       0x08002f35   Thumb Code   124  main.o(i.SystemClock_Config)
    SystemInit                               0x08002fb5   Thumb Code    10  system_stm32l0xx.o(i.SystemInit)
    UART_AdvFeatureConfig                    0x08002fc5   Thumb Code   202  stm32l0xx_hal_uart.o(i.UART_AdvFeatureConfig)
    UART_CheckIdleState                      0x08003091   Thumb Code    94  stm32l0xx_hal_uart.o(i.UART_CheckIdleState)
    UART_SetConfig                           0x08003229   Thumb Code   448  stm32l0xx_hal_uart.o(i.UART_SetConfig)
    UART_Start_Receive_IT                    0x08003405   Thumb Code   138  stm32l0xx_hal_uart.o(i.UART_Start_Receive_IT)
    UART_WaitOnFlagUntilTimeout              0x08003519   Thumb Code   158  stm32l0xx_hal_uart.o(i.UART_WaitOnFlagUntilTimeout)
    USART2_IRQHandler                        0x080035b9   Thumb Code    10  stm32l0xx_it.o(i.USART2_IRQHandler)
    __ARM_clz                                0x080035c9   Thumb Code    46  depilogue.o(i.__ARM_clz)
    __ARM_common_ll_muluu                    0x080035f7   Thumb Code    48  stm32l0xx_hal_rcc.o(i.__ARM_common_ll_muluu)
    __ARM_common_switch8                     0x08003627   Thumb Code    26  main.o(i.__ARM_common_switch8)
    __scatterload_copy                       0x08003685   Thumb Code    14  handlers.o(i.__scatterload_copy)
    __scatterload_null                       0x08003693   Thumb Code     2  handlers.o(i.__scatterload_null)
    __scatterload_zeroinit                   0x08003695   Thumb Code    14  handlers.o(i.__scatterload_zeroinit)
    lora_autobaud                            0x08003899   Thumb Code    32  main.o(i.lora_autobaud)
    lora_printf                              0x080038b9   Thumb Code    20  main.o(i.lora_printf)
    lora_write                               0x080038d1   Thumb Code    14  main.o(i.lora_write)
    main                                     0x080038e5   Thumb Code   944  main.o(i.main)
    pin_deinit                               0x080040ed   Thumb Code    16  main.o(i.pin_deinit)
    pin_init                                 0x080040fd   Thumb Code    54  main.o(i.pin_init)
    stm32L_lowPowerSetup                     0x08004711   Thumb Code    46  main.o(i.stm32L_lowPowerSetup)
    AHBPrescTable                            0x08004ac8   Data          16  system_stm32l0xx.o(.constdata)
    PLLMulTable                              0x08004ad8   Data           9  system_stm32l0xx.o(.constdata)
    APBPrescTable                            0x08004ae1   Data           8  system_stm32l0xx.o(.constdata)
    Region$$Table$$Base                      0x08004b00   Number         0  anon$$obj.o(Region$$Table)
    Region$$Table$$Limit                     0x08004b20   Number         0  anon$$obj.o(Region$$Table)
    lora_rxlen                               0x20000000   Data           1  main.o(.data)
    read_NFC_flag                            0x20000001   Data           1  main.o(.data)
    data_rate                                0x20000002   Data           1  main.o(.data)
    msg_cnt                                  0x20000003   Data           1  main.o(.data)
    output1_status                           0x20000004   Data           1  main.o(.data)
    output2_status                           0x20000005   Data           1  main.o(.data)
    output3_status                           0x20000006   Data           1  main.o(.data)
    bat_l_cnt                                0x20000007   Data           1  main.o(.data)
    stopped                                  0x20000008   Data           1  main.o(.data)
    rx_hex_ok                                0x20000009   Data           1  main.o(.data)
    rx_command                               0x2000000a   Data           1  main.o(.data)
    psin_req                                 0x2000000b   Data           1  main.o(.data)
    vbat_req                                 0x2000000c   Data           1  main.o(.data)
    send_msg_active                          0x2000000d   Data           1  main.o(.data)
    bad_cnt                                  0x2000000e   Data           1  main.o(.data)
    rx_cnt                                   0x2000000f   Data           1  main.o(.data)
    pressure1_high                           0x20000010   Data           1  main.o(.data)
    pressure2_high                           0x20000011   Data           1  main.o(.data)
    NFC_loaded                               0x20000012   Data           1  main.o(.data)
    system_reset_cnt                         0x20000013   Data           1  main.o(.data)
    read_NFC_byte63_flag                     0x20000014   Data           1  main.o(.data)
    test_fail                                0x20000015   Data           1  main.o(.data)
    input1_activated                         0x20000016   Data           1  main.o(.data)
    operation_mode                           0x20000017   Data           1  main.o(.data)
    test_LED_cnt                             0x20000018   Data           1  main.o(.data)
    get_psin_flag                            0x20000019   Data           1  main.o(.data)
    get_vbat_flag                            0x2000001a   Data           1  main.o(.data)
    test_completed                           0x2000001b   Data           1  main.o(.data)
    dummy1                                   0x2000001c   Data           1  main.o(.data)
    dummy2                                   0x2000001d   Data           1  main.o(.data)
    dummy3                                   0x2000001e   Data           1  main.o(.data)
    valve_alarm                              0x2000001f   Data           1  main.o(.data)
    valve_warning                            0x20000020   Data           1  main.o(.data)
    float_alarm                              0x20000021   Data           1  main.o(.data)
    pressure1_alarm                          0x20000022   Data           1  main.o(.data)
    pressure2_alarm                          0x20000023   Data           1  main.o(.data)
    low_bat                                  0x20000024   Data           1  main.o(.data)
    valve_operations_rollover                0x20000025   Data           1  main.o(.data)
    valve_open_filtered                      0x20000026   Data           1  main.o(.data)
    float_open_filtered                      0x20000027   Data           1  main.o(.data)
    input3_open_filtered                     0x20000028   Data           1  main.o(.data)
    valve_filt_cnt                           0x20000029   Data           1  main.o(.data)
    float_filt_cnt                           0x2000002a   Data           1  main.o(.data)
    input3_filt_cnt                          0x2000002b   Data           1  main.o(.data)
    valve_open_time_ptr                      0x2000002c   Data           1  main.o(.data)
    lora_rxtemp                              0x2000002d   Data           1  main.o(.data)
    valve_input                              0x2000002e   Data           1  main.o(.data)
    NFC_byte63                               0x2000002f   Data           1  main.o(.data)
    supply_mode                              0x20000030   Data           1  main.o(.data)
    NFC_read_OK                              0x20000031   Data           1  main.o(.data)
    test_cnt                                 0x20000032   Data           1  main.o(.data)
    get_pressure_flag                        0x20000033   Data           1  main.o(.data)
    string_match                             0x20000034   Data           1  main.o(.data)
    block_rx_cnt                             0x20000035   Data           1  main.o(.data)
    reed_polarity                            0x20000036   Data           1  main.o(.data)
    pressure_cnt                             0x20000038   Data           2  main.o(.data)
    output_on_time                           0x2000003a   Data           2  main.o(.data)
    psin_powerup_delay_cnt                   0x2000003c   Data           2  main.o(.data)
    RTC_cali                                 0x2000003e   Data           2  main.o(.data)
    vbat_cali                                0x20000040   Data           2  main.o(.data)
    psin_cali                                0x20000042   Data           2  main.o(.data)
    pressure1_alarm_cnt                      0x20000044   Data           2  main.o(.data)
    pressure2_alarm_cnt                      0x20000046   Data           2  main.o(.data)
    pressure1_not_alarm_cnt                  0x20000048   Data           2  main.o(.data)
    pressure2_not_alarm_cnt                  0x2000004a   Data           2  main.o(.data)
    msg_interval_time_cnt                    0x2000004c   Data           2  main.o(.data)
    input1_cnt                               0x2000004e   Data           2  main.o(.data)
    input1_cnt_buffer                        0x20000050   Data           2  main.o(.data)
    output_cnt                               0x20000052   Data           2  main.o(.data)
    a                                        0x20000054   Data           2  main.o(.data)
    valve_open_time_measure                  0x20000056   Data           2  main.o(.data)
    valve_operations_cnt                     0x20000058   Data           2  main.o(.data)
    float_open_time_measure                  0x2000005a   Data           2  main.o(.data)
    main_time_cnt                            0x2000005c   Data           2  main.o(.data)
    NFC_update_time_cnt                      0x2000005e   Data           2  main.o(.data)
    device_addr                              0x20000060   Data           2  main.o(.data)
    heartbeat_time                           0x20000062   Data           2  main.o(.data)
    valve_alarm_time                         0x20000064   Data           2  main.o(.data)
    valve_warning_time                       0x20000066   Data           2  main.o(.data)
    float_alarm_time                         0x20000068   Data           2  main.o(.data)
    pressure_upd_time                        0x2000006a   Data           2  main.o(.data)
    pressure_alarm_time                      0x2000006c   Data           2  main.o(.data)
    pressure1_limit                          0x2000006e   Data           2  main.o(.data)
    pressure2_limit                          0x20000070   Data           2  main.o(.data)
    valve_open_time_max                      0x20000072   Data           2  main.o(.data)
    hex                                      0x20000074   Data           4  main.o(.data)
    passivation_cnt                          0x20000078   Data           4  main.o(.data)
    vbat_cnt                                 0x2000007c   Data           4  main.o(.data)
    vbat_update_time                         0x20000080   Data           4  main.o(.data)
    pressure1                                0x20000084   Data           4  main.o(.data)
    pressure2                                0x20000088   Data           4  main.o(.data)
    AMS5915_pressure                         0x2000008c   Data           4  main.o(.data)
    vbat                                     0x20000090   Data           4  main.o(.data)
    psin                                     0x20000094   Data           4  main.o(.data)
    nfc_cnt                                  0x20000098   Data           4  main.o(.data)
    rx_command_and_value                     0x2000009c   Data           5  main.o(.data)
    SET_DEVADDR                              0x200000a1   Data          27  main.o(.data)
    SET_DEVEUI                               0x200000bc   Data          34  main.o(.data)
    TX_UNCNF                                 0x200000de   Data          38  main.o(.data)
    SET_CH_STATUS_SH                         0x20000104   Data          26  main.o(.data)
    SET_CH_STATUS                            0x2000011e   Data          27  main.o(.data)
    SET_CH_STATUS_ON                         0x20000139   Data          26  main.o(.data)
    uwTickFreq                               0x20000154   Data           1  stm32l0xx_hal.o(.data)
    uwTickPrio                               0x20000158   Data           4  stm32l0xx_hal.o(.data)
    uwTick                                   0x2000015c   Data           4  stm32l0xx_hal.o(.data)
    SystemCoreClock                          0x20000160   Data           4  system_stm32l0xx.o(.data)
    hadc                                     0x20000164   Data          92  main.o(.bss)
    hi2c1                                    0x200001c0   Data          76  main.o(.bss)
    hrtc                                     0x2000020c   Data          36  main.o(.bss)
    huart2                                   0x20000230   Data         132  main.o(.bss)
    hiwdg                                    0x200002b4   Data          16  main.o(.bss)
    lora_rxbuffer                            0x200002c4   Data          50  main.o(.bss)
    nfc_rxbuffer                             0x200002f6   Data          64  main.o(.bss)
    valve_open_time_buffer                   0x20000336   Data          40  main.o(.bss)
    __initial_sp                             0x20000790   Data           0  startup_stm32l010x8.o(STACK)



==============================================================================

Memory Map of the image

  Image Entry point : 0x080000c1

  Load Region LR_IROM1 (Base: 0x08000000, Size: 0x00004c84, Max: 0x00008000, ABSOLUTE, COMPRESSED[0x00004b98])

    Execution Region ER_IROM1 (Exec base: 0x08000000, Load base: 0x08000000, Size: 0x00004b20, Max: 0x00008000, ABSOLUTE)

    Exec Addr    Load Addr    Size         Type   Attr      Idx    E Section Name        Object

    0x08000000   0x08000000   0x000000c0   Data   RO            3    RESET               startup_stm32l010x8.o
    0x080000c0   0x080000c0   0x00000000   Code   RO         3337  * .ARM.Collect$$$$00000000  mc_p.l(entry.o)
    0x080000c0   0x080000c0   0x00000004   Code   RO         3356    .ARM.Collect$$$$00000001  mc_p.l(entry2.o)
    0x080000c4   0x080000c4   0x00000004   Code   RO         3359    .ARM.Collect$$$$00000004  mc_p.l(entry5.o)
    0x080000c8   0x080000c8   0x00000000   Code   RO         3361    .ARM.Collect$$$$00000008  mc_p.l(entry7b.o)
    0x080000c8   0x080000c8   0x00000000   Code   RO         3363    .ARM.Collect$$$$0000000A  mc_p.l(entry8b.o)
    0x080000c8   0x080000c8   0x00000008   Code   RO         3364    .ARM.Collect$$$$0000000B  mc_p.l(entry9a.o)
    0x080000d0   0x080000d0   0x00000000   Code   RO         3366    .ARM.Collect$$$$0000000D  mc_p.l(entry10a.o)
    0x080000d0   0x080000d0   0x00000000   Code   RO         3368    .ARM.Collect$$$$0000000F  mc_p.l(entry11a.o)
    0x080000d0   0x080000d0   0x00000004   Code   RO         3357    .ARM.Collect$$$$00002712  mc_p.l(entry2.o)
    0x080000d4   0x080000d4   0x00000058   Code   RO            4    .text               startup_stm32l010x8.o
    0x0800012c   0x0800012c   0x0000002c   Code   RO         3340    .text               mc_p.l(uidiv.o)
    0x08000158   0x08000158   0x00000060   Code   RO         3342    .text               mc_p.l(uldiv.o)
    0x080001b8   0x080001b8   0x00000024   Code   RO         3344    .text               mc_p.l(memcpya.o)
    0x080001dc   0x080001dc   0x00000024   Code   RO         3346    .text               mc_p.l(memseta.o)
    0x08000200   0x08000200   0x0000000e   Code   RO         3348    .text               mc_p.l(strlen.o)
    0x0800020e   0x0800020e   0x00000002   PAD
    0x08000210   0x08000210   0x0000001c   Code   RO         3352    .text               mf_p.l(dfltui.o)
    0x0800022c   0x0800022c   0x00000048   Code   RO         3354    .text               mf_p.l(dfixi.o)
    0x08000274   0x08000274   0x00000020   Code   RO         3370    .text               mc_p.l(llshl.o)
    0x08000294   0x08000294   0x00000022   Code   RO         3372    .text               mc_p.l(llushr.o)
    0x080002b6   0x080002b6   0x00000000   Code   RO         3374    .text               mc_p.l(iusefp.o)
    0x080002b6   0x080002b6   0x000000be   Code   RO         3375    .text               mf_p.l(depilogue.o)
    0x08000374   0x08000374   0x00000024   Code   RO         3379    .text               mc_p.l(init.o)
    0x08000398   0x08000398   0x00000056   Code   RO         3389    .text               mc_p.l(__dczerorl2.o)
    0x080003ee   0x080003ee   0x00000052   Code   RO          662    i.ADC_ConversionStop  stm32l0xx_hal_adc.o
    0x08000440   0x08000440   0x00000060   Code   RO          666    i.ADC_Disable       stm32l0xx_hal_adc.o
    0x080004a0   0x080004a0   0x0000007c   Code   RO          667    i.ADC_Enable        stm32l0xx_hal_adc.o
    0x0800051c   0x0800051c   0x00000020   Code   RO           12    i.Delay_100         main.o
    0x0800053c   0x0800053c   0x00000020   Code   RO           13    i.Delay_1000        main.o
    0x0800055c   0x0800055c   0x0000000a   Code   RO          397    i.EXTI2_3_IRQHandler  stm32l0xx_it.o
    0x08000566   0x08000566   0x00000002   PAD
    0x08000568   0x08000568   0x00000084   Code   RO           15    i.Get_ADC_Input     main.o
    0x080005ec   0x080005ec   0x00000058   Code   RO           16    i.Get_VoltageValue  main.o
    0x08000644   0x08000644   0x000000aa   Code   RO          840    i.HAL_ADCEx_Calibration_Start  stm32l0xx_hal_adc_ex.o
    0x080006ee   0x080006ee   0x00000002   PAD
    0x080006f0   0x080006f0   0x00000074   Code   RO          669    i.HAL_ADC_ConfigChannel  stm32l0xx_hal_adc.o
    0x08000764   0x08000764   0x00000004   Code   RO          675    i.HAL_ADC_GetState  stm32l0xx_hal_adc.o
    0x08000768   0x08000768   0x00000006   Code   RO          676    i.HAL_ADC_GetValue  stm32l0xx_hal_adc.o
    0x0800076e   0x0800076e   0x00000002   PAD
    0x08000770   0x08000770   0x000001c8   Code   RO          678    i.HAL_ADC_Init      stm32l0xx_hal_adc.o
    0x08000938   0x08000938   0x00000050   Code   RO          467    i.HAL_ADC_MspInit   stm32l0xx_hal_msp.o
    0x08000988   0x08000988   0x000000c0   Code   RO          682    i.HAL_ADC_PollForConversion  stm32l0xx_hal_adc.o
    0x08000a48   0x08000a48   0x0000005c   Code   RO          684    i.HAL_ADC_Start     stm32l0xx_hal_adc.o
    0x08000aa4   0x08000aa4   0x0000003e   Code   RO          687    i.HAL_ADC_Stop      stm32l0xx_hal_adc.o
    0x08000ae2   0x08000ae2   0x00000044   Code   RO         2070    i.HAL_DMA_Abort     stm32l0xx_hal_dma.o
    0x08000b26   0x08000b26   0x0000004c   Code   RO         2071    i.HAL_DMA_Abort_IT  stm32l0xx_hal_dma.o
    0x08000b72   0x08000b72   0x00000002   PAD
    0x08000b74   0x08000b74   0x000000e4   Code   RO         2007    i.HAL_GPIO_DeInit   stm32l0xx_hal_gpio.o
    0x08000c58   0x08000c58   0x00000028   Code   RO           17    i.HAL_GPIO_EXTI_Callback  main.o
    0x08000c80   0x08000c80   0x00000018   Code   RO         2009    i.HAL_GPIO_EXTI_IRQHandler  stm32l0xx_hal_gpio.o
    0x08000c98   0x08000c98   0x00000178   Code   RO         2010    i.HAL_GPIO_Init     stm32l0xx_hal_gpio.o
    0x08000e10   0x08000e10   0x0000000a   Code   RO         2012    i.HAL_GPIO_ReadPin  stm32l0xx_hal_gpio.o
    0x08000e1a   0x08000e1a   0x00000010   Code   RO         2013    i.HAL_GPIO_TogglePin  stm32l0xx_hal_gpio.o
    0x08000e2a   0x08000e2a   0x0000000c   Code   RO         2014    i.HAL_GPIO_WritePin  stm32l0xx_hal_gpio.o
    0x08000e36   0x08000e36   0x00000002   PAD
    0x08000e38   0x08000e38   0x0000000c   Code   RO          907    i.HAL_GetTick       stm32l0xx_hal.o
    0x08000e44   0x08000e44   0x0000004a   Code   RO         1558    i.HAL_I2CEx_ConfigAnalogFilter  stm32l0xx_hal_i2c_ex.o
    0x08000e8e   0x08000e8e   0x00000048   Code   RO         1559    i.HAL_I2CEx_ConfigDigitalFilter  stm32l0xx_hal_i2c_ex.o
    0x08000ed6   0x08000ed6   0x00000002   PAD
    0x08000ed8   0x08000ed8   0x000000b4   Code   RO         1111    i.HAL_I2C_Init      stm32l0xx_hal_i2c.o
    0x08000f8c   0x08000f8c   0x00000110   Code   RO         1117    i.HAL_I2C_Master_Receive  stm32l0xx_hal_i2c.o
    0x0800109c   0x0800109c   0x00000110   Code   RO         1124    i.HAL_I2C_Master_Transmit  stm32l0xx_hal_i2c.o
    0x080011ac   0x080011ac   0x0000005c   Code   RO          469    i.HAL_I2C_MspInit   stm32l0xx_hal_msp.o
    0x08001208   0x08001208   0x00000064   Code   RO          636    i.HAL_IWDG_Init     stm32l0xx_hal_iwdg.o
    0x0800126c   0x0800126c   0x00000010   Code   RO          637    i.HAL_IWDG_Refresh  stm32l0xx_hal_iwdg.o
    0x0800127c   0x0800127c   0x00000010   Code   RO          913    i.HAL_IncTick       stm32l0xx_hal.o
    0x0800128c   0x0800128c   0x00000028   Code   RO          914    i.HAL_Init          stm32l0xx_hal.o
    0x080012b4   0x080012b4   0x00000044   Code   RO          915    i.HAL_InitTick      stm32l0xx_hal.o
    0x080012f8   0x080012f8   0x00000018   Code   RO          470    i.HAL_MspInit       stm32l0xx_hal_msp.o
    0x08001310   0x08001310   0x00000020   Code   RO         2303    i.HAL_NVIC_DisableIRQ  stm32l0xx_hal_cortex.o
    0x08001330   0x08001330   0x00000018   Code   RO         2304    i.HAL_NVIC_EnableIRQ  stm32l0xx_hal_cortex.o
    0x08001348   0x08001348   0x00000008   Code   RO         2308    i.HAL_NVIC_SetPriority  stm32l0xx_hal_cortex.o
    0x08001350   0x08001350   0x00000010   Code   RO         2249    i.HAL_PWREx_EnableFastWakeUp  stm32l0xx_hal_pwr_ex.o
    0x08001360   0x08001360   0x00000010   Code   RO         2251    i.HAL_PWREx_EnableUltraLowPower  stm32l0xx_hal_pwr_ex.o
    0x08001370   0x08001370   0x00000064   Code   RO         2171    i.HAL_PWR_EnterSTOPMode  stm32l0xx_hal_pwr.o
    0x080013d4   0x080013d4   0x00000150   Code   RO         1697    i.HAL_RCCEx_PeriphCLKConfig  stm32l0xx_hal_rcc_ex.o
    0x08001524   0x08001524   0x0000019c   Code   RO         1597    i.HAL_RCC_ClockConfig  stm32l0xx_hal_rcc.o
    0x080016c0   0x080016c0   0x00000020   Code   RO         1603    i.HAL_RCC_GetPCLK1Freq  stm32l0xx_hal_rcc.o
    0x080016e0   0x080016e0   0x00000020   Code   RO         1604    i.HAL_RCC_GetPCLK2Freq  stm32l0xx_hal_rcc.o
    0x08001700   0x08001700   0x00000078   Code   RO         1605    i.HAL_RCC_GetSysClockFreq  stm32l0xx_hal_rcc.o
    0x08001778   0x08001778   0x00000432   Code   RO         1608    i.HAL_RCC_OscConfig  stm32l0xx_hal_rcc.o
    0x08001baa   0x08001baa   0x00000002   PAD
    0x08001bac   0x08001bac   0x000000f8   Code   RO         2623    i.HAL_RTCEx_SetWakeUpTimer_IT  stm32l0xx_hal_rtc_ex.o
    0x08001ca4   0x08001ca4   0x00000600   Code   RO           20    i.HAL_RTCEx_WakeUpTimerEventCallback  main.o
    0x080022a4   0x080022a4   0x00000038   Code   RO         2629    i.HAL_RTCEx_WakeUpTimerIRQHandler  stm32l0xx_hal_rtc_ex.o
    0x080022dc   0x080022dc   0x000000bc   Code   RO         2472    i.HAL_RTC_Init      stm32l0xx_hal_rtc.o
    0x08002398   0x08002398   0x00000030   Code   RO          472    i.HAL_RTC_MspInit   stm32l0xx_hal_msp.o
    0x080023c8   0x080023c8   0x000000c4   Code   RO         2478    i.HAL_RTC_SetDate   stm32l0xx_hal_rtc.o
    0x0800248c   0x0800248c   0x000000e8   Code   RO         2479    i.HAL_RTC_SetTime   stm32l0xx_hal_rtc.o
    0x08002574   0x08002574   0x00000034   Code   RO         2480    i.HAL_RTC_WaitForSynchro  stm32l0xx_hal_rtc.o
    0x080025a8   0x080025a8   0x00000030   Code   RO         2312    i.HAL_SYSTICK_Config  stm32l0xx_hal_cortex.o
    0x080025d8   0x080025d8   0x00000002   Code   RO         2846    i.HAL_UARTEx_RxEventCallback  stm32l0xx_hal_uart.o
    0x080025da   0x080025da   0x00000002   Code   RO         3235    i.HAL_UARTEx_WakeupCallback  stm32l0xx_hal_uart_ex.o
    0x080025dc   0x080025dc   0x0000003e   Code   RO         2859    i.HAL_UART_DeInit   stm32l0xx_hal_uart.o
    0x0800261a   0x0800261a   0x00000002   Code   RO         2862    i.HAL_UART_ErrorCallback  stm32l0xx_hal_uart.o
    0x0800261c   0x0800261c   0x00000220   Code   RO         2865    i.HAL_UART_IRQHandler  stm32l0xx_hal_uart.o
    0x0800283c   0x0800283c   0x0000006a   Code   RO         2866    i.HAL_UART_Init     stm32l0xx_hal_uart.o
    0x080028a6   0x080028a6   0x00000002   PAD
    0x080028a8   0x080028a8   0x00000030   Code   RO          473    i.HAL_UART_MspDeInit  stm32l0xx_hal_msp.o
    0x080028d8   0x080028d8   0x0000006c   Code   RO          474    i.HAL_UART_MspInit  stm32l0xx_hal_msp.o
    0x08002944   0x08002944   0x00000060   Code   RO         2871    i.HAL_UART_Receive_IT  stm32l0xx_hal_uart.o
    0x080029a4   0x080029a4   0x00000038   Code   RO           21    i.HAL_UART_RxCpltCallback  main.o
    0x080029dc   0x080029dc   0x00000078   Code   RO         2877    i.HAL_UART_Transmit_IT  stm32l0xx_hal_uart.o
    0x08002a54   0x08002a54   0x00000002   Code   RO         2878    i.HAL_UART_TxCpltCallback  stm32l0xx_hal_uart.o
    0x08002a56   0x08002a56   0x00000002   Code   RO          398    i.HardFault_Handler  stm32l0xx_it.o
    0x08002a58   0x08002a58   0x00000022   Code   RO         1158    i.I2C_Flush_TXDR    stm32l0xx_hal_i2c.o
    0x08002a7a   0x08002a7a   0x00000002   PAD
    0x08002a7c   0x08002a7c   0x00000070   Code   RO         1166    i.I2C_IsAcknowledgeFailed  stm32l0xx_hal_i2c.o
    0x08002aec   0x08002aec   0x00000028   Code   RO         1173    i.I2C_TransferConfig  stm32l0xx_hal_i2c.o
    0x08002b14   0x08002b14   0x0000004e   Code   RO         1175    i.I2C_WaitOnFlagUntilTimeout  stm32l0xx_hal_i2c.o
    0x08002b62   0x08002b62   0x00000002   PAD
    0x08002b64   0x08002b64   0x00000080   Code   RO         1176    i.I2C_WaitOnRXNEFlagUntilTimeout  stm32l0xx_hal_i2c.o
    0x08002be4   0x08002be4   0x0000004c   Code   RO         1177    i.I2C_WaitOnSTOPFlagUntilTimeout  stm32l0xx_hal_i2c.o
    0x08002c30   0x08002c30   0x00000050   Code   RO         1178    i.I2C_WaitOnTXISFlagUntilTimeout  stm32l0xx_hal_i2c.o
    0x08002c80   0x08002c80   0x00000070   Code   RO           22    i.MX_ADC_Init       main.o
    0x08002cf0   0x08002cf0   0x000000f4   Code   RO           23    i.MX_GPIO_Init      main.o
    0x08002de4   0x08002de4   0x0000003c   Code   RO           24    i.MX_I2C1_Init      main.o
    0x08002e20   0x08002e20   0x00000074   Code   RO           25    i.MX_RTC_Init       main.o
    0x08002e94   0x08002e94   0x00000030   Code   RO           26    i.MX_USART2_UART_Init  main.o
    0x08002ec4   0x08002ec4   0x00000002   Code   RO          399    i.NMI_Handler       stm32l0xx_it.o
    0x08002ec6   0x08002ec6   0x00000002   Code   RO          400    i.PendSV_Handler    stm32l0xx_it.o
    0x08002ec8   0x08002ec8   0x00000018   Code   RO         2482    i.RTC_ByteToBcd2    stm32l0xx_hal_rtc.o
    0x08002ee0   0x08002ee0   0x00000038   Code   RO         2483    i.RTC_EnterInitMode  stm32l0xx_hal_rtc.o
    0x08002f18   0x08002f18   0x00000010   Code   RO          401    i.RTC_IRQHandler    stm32l0xx_it.o
    0x08002f28   0x08002f28   0x00000002   Code   RO          402    i.SVC_Handler       stm32l0xx_it.o
    0x08002f2a   0x08002f2a   0x00000008   Code   RO          403    i.SysTick_Handler   stm32l0xx_it.o
    0x08002f32   0x08002f32   0x00000002   PAD
    0x08002f34   0x08002f34   0x00000080   Code   RO           27    i.SystemClock_Config  main.o
    0x08002fb4   0x08002fb4   0x00000010   Code   RO         3306    i.SystemInit        system_stm32l0xx.o
    0x08002fc4   0x08002fc4   0x000000ca   Code   RO         2880    i.UART_AdvFeatureConfig  stm32l0xx_hal_uart.o
    0x0800308e   0x0800308e   0x00000002   PAD
    0x08003090   0x08003090   0x00000064   Code   RO         2881    i.UART_CheckIdleState  stm32l0xx_hal_uart.o
    0x080030f4   0x080030f4   0x00000014   Code   RO         2882    i.UART_DMAAbortOnError  stm32l0xx_hal_uart.o
    0x08003108   0x08003108   0x00000032   Code   RO         2892    i.UART_EndRxTransfer  stm32l0xx_hal_uart.o
    0x0800313a   0x0800313a   0x00000076   Code   RO         2894    i.UART_RxISR_16BIT  stm32l0xx_hal_uart.o
    0x080031b0   0x080031b0   0x00000076   Code   RO         2895    i.UART_RxISR_8BIT   stm32l0xx_hal_uart.o
    0x08003226   0x08003226   0x00000002   PAD
    0x08003228   0x08003228   0x000001dc   Code   RO         2896    i.UART_SetConfig    stm32l0xx_hal_uart.o
    0x08003404   0x08003404   0x00000098   Code   RO         2898    i.UART_Start_Receive_IT  stm32l0xx_hal_uart.o
    0x0800349c   0x0800349c   0x00000040   Code   RO         2899    i.UART_TxISR_16BIT  stm32l0xx_hal_uart.o
    0x080034dc   0x080034dc   0x0000003c   Code   RO         2900    i.UART_TxISR_8BIT   stm32l0xx_hal_uart.o
    0x08003518   0x08003518   0x0000009e   Code   RO         2901    i.UART_WaitOnFlagUntilTimeout  stm32l0xx_hal_uart.o
    0x080035b6   0x080035b6   0x00000002   PAD
    0x080035b8   0x080035b8   0x00000010   Code   RO          404    i.USART2_IRQHandler  stm32l0xx_it.o
    0x080035c8   0x080035c8   0x0000002e   Code   RO         3377    i.__ARM_clz         mf_p.l(depilogue.o)
    0x080035f6   0x080035f6   0x00000030   Code   RO         1682    i.__ARM_common_ll_muluu  stm32l0xx_hal_rcc.o
    0x08003626   0x08003626   0x0000001a   Code   RO          271    i.__ARM_common_switch8  main.o
    0x08003640   0x08003640   0x00000044   Code   RO         2314    i.__NVIC_SetPriority  stm32l0xx_hal_cortex.o
    0x08003684   0x08003684   0x0000000e   Code   RO         3383    i.__scatterload_copy  mc_p.l(handlers.o)
    0x08003692   0x08003692   0x00000002   Code   RO         3384    i.__scatterload_null  mc_p.l(handlers.o)
    0x08003694   0x08003694   0x0000000e   Code   RO         3385    i.__scatterload_zeroinit  mc_p.l(handlers.o)
    0x080036a2   0x080036a2   0x00000002   PAD
    0x080036a4   0x080036a4   0x00000050   Code   RO           28    i.count_input1_pulses  main.o
    0x080036f4   0x080036f4   0x0000008c   Code   RO           29    i.get_psin          main.o
    0x08003780   0x08003780   0x0000008c   Code   RO           30    i.get_vbat          main.o
    0x0800380c   0x0800380c   0x00000054   Code   RO           31    i.i2c_nfc_read      main.o
    0x08003860   0x08003860   0x00000038   Code   RO           32    i.i2c_nfc_write     main.o
    0x08003898   0x08003898   0x00000020   Code   RO           33    i.lora_autobaud     main.o
    0x080038b8   0x080038b8   0x00000018   Code   RO           34    i.lora_printf       main.o
    0x080038d0   0x080038d0   0x00000014   Code   RO           35    i.lora_write        main.o
    0x080038e4   0x080038e4   0x000003cc   Code   RO           36    i.main              main.o
    0x08003cb0   0x08003cb0   0x00000218   Code   RO           37    i.modem_init        main.o
    0x08003ec8   0x08003ec8   0x0000004c   Code   RO           38    i.modem_reset       main.o
    0x08003f14   0x08003f14   0x00000040   Code   RO           39    i.modem_wakeup      main.o
    0x08003f54   0x08003f54   0x00000070   Code   RO           40    i.nfc_setup_GPO     main.o
    0x08003fc4   0x08003fc4   0x00000128   Code   RO           41    i.parse_rxstring    main.o
    0x080040ec   0x080040ec   0x00000010   Code   RO           42    i.pin_deinit        main.o
    0x080040fc   0x080040fc   0x0000003c   Code   RO           43    i.pin_init          main.o
    0x08004138   0x08004138   0x00000098   Code   RO           44    i.read_AMS5915      main.o
    0x080041d0   0x080041d0   0x000000d0   Code   RO           45    i.read_NFC          main.o
    0x080042a0   0x080042a0   0x0000004c   Code   RO           46    i.read_NFC_calibration  main.o
    0x080042ec   0x080042ec   0x00000054   Code   RO           47    i.rx_init           main.o
    0x08004340   0x08004340   0x00000280   Code   RO           48    i.send_msg          main.o
    0x080045c0   0x080045c0   0x0000013c   Code   RO           49    i.set_channels      main.o
    0x080046fc   0x080046fc   0x00000014   Code   RO           50    i.start_msg_seq     main.o
    0x08004710   0x08004710   0x0000003c   Code   RO           51    i.stm32L_lowPowerSetup  main.o
    0x0800474c   0x0800474c   0x00000070   Code   RO           52    i.test_calibrate_psin  main.o
    0x080047bc   0x080047bc   0x00000198   Code   RO           53    i.test_inputs       main.o
    0x08004954   0x08004954   0x000000d4   Code   RO           54    i.write_NFC         main.o
    0x08004a28   0x08004a28   0x000000a0   Code   RO           55    i.write_NFC_factory_default  main.o
    0x08004ac8   0x08004ac8   0x00000019   Data   RO         3307    .constdata          system_stm32l0xx.o
    0x08004ae1   0x08004ae1   0x00000008   Data   RO         3308    .constdata          system_stm32l0xx.o
    0x08004ae9   0x08004ae9   0x00000003   PAD
    0x08004aec   0x08004aec   0x00000011   Data   RO           59    .conststring        main.o
    0x08004afd   0x08004afd   0x00000003   PAD
    0x08004b00   0x08004b00   0x00000020   Data   RO         3381    Region$$Table       anon$$obj.o


    Execution Region RW_IRAM1 (Exec base: 0x20000000, Load base: 0x08004b20, Size: 0x00000790, Max: 0x00002000, ABSOLUTE, COMPRESSED[0x00000078])

    Exec Addr    Load Addr    Size         Type   Attr      Idx    E Section Name        Object

    0x20000000   COMPRESSED   0x00000153   Data   RW           60    .data               main.o
    0x20000153   COMPRESSED   0x00000001   PAD
    0x20000154   COMPRESSED   0x0000000c   Data   RW          925    .data               stm32l0xx_hal.o
    0x20000160   COMPRESSED   0x00000004   Data   RW         3309    .data               system_stm32l0xx.o
    0x20000164        -       0x0000022c   Zero   RW           56    .bss                main.o
    0x20000390        -       0x00000400   Zero   RW            1    STACK               startup_stm32l010x8.o


==============================================================================

Image component sizes


      Code (inc. data)   RO Data    RW Data    ZI Data      Debug   Object Name

      7806       1080         17        339        556     359175   main.o
        88         38        192          0       1024        640   startup_stm32l010x8.o
       136         24          0         12          0       7229   stm32l0xx_hal.o
      1230         38          0          0          0       8040   stm32l0xx_hal_adc.o
       170          0          0          0          0       1406   stm32l0xx_hal_adc_ex.o
       180         30          0          0          0      11123   stm32l0xx_hal_cortex.o
       144          0          0          0          0       1699   stm32l0xx_hal_dma.o
       666         62          0          0          0       4877   stm32l0xx_hal_gpio.o
      1272         40          0          0          0      10302   stm32l0xx_hal_i2c.o
       146          0          0          0          0       1879   stm32l0xx_hal_i2c_ex.o
       116         20          0          0          0       1727   stm32l0xx_hal_iwdg.o
       400         52          0          0          0       3732   stm32l0xx_hal_msp.o
       100         12          0          0          0        740   stm32l0xx_hal_pwr.o
        32          8          0          0          0       1025   stm32l0xx_hal_pwr_ex.o
      1718         90          0          0          0       5560   stm32l0xx_hal_rcc.o
       336         12          0          0          0       1404   stm32l0xx_hal_rcc_ex.o
       748         14          0          0          0       5164   stm32l0xx_hal_rtc.o
       304         18          0          0          0       2544   stm32l0xx_hal_rtc_ex.o
      2452         98          0          0          0      14894   stm32l0xx_hal_uart.o
         2          0          0          0          0        984   stm32l0xx_hal_uart_ex.o
        58         12          0          0          0       3457   stm32l0xx_it.o
        16          6         33          4          0       1243   system_stm32l0xx.o

    ----------------------------------------------------------------------
     18148       1654        280        356       1580     448844   Object Totals
         0          0         32          0          0          0   (incl. Generated)
        28          0          6          1          0          0   (incl. Padding)

    ----------------------------------------------------------------------

      Code (inc. data)   RO Data    RW Data    ZI Data      Debug   Library Member Name

        86          0          0          0          0          0   __dczerorl2.o
         0          0          0          0          0          0   entry.o
         0          0          0          0          0          0   entry10a.o
         0          0          0          0          0          0   entry11a.o
         8          4          0          0          0          0   entry2.o
         4          0          0          0          0          0   entry5.o
         0          0          0          0          0          0   entry7b.o
         0          0          0          0          0          0   entry8b.o
         8          4          0          0          0          0   entry9a.o
        30          0          0          0          0          0   handlers.o
        36          8          0          0          0         68   init.o
         0          0          0          0          0          0   iusefp.o
        32          0          0          0          0         68   llshl.o
        34          0          0          0          0         68   llushr.o
        36          0          0          0          0         60   memcpya.o
        36          0          0          0          0        100   memseta.o
        14          0          0          0          0         60   strlen.o
        44          0          0          0          0         72   uidiv.o
        96          0          0          0          0         84   uldiv.o
       236          0          0          0          0        216   depilogue.o
        72         10          0          0          0         72   dfixi.o
        28          4          0          0          0         68   dfltui.o

    ----------------------------------------------------------------------
       804         30          0          0          0        936   Library Totals
         4          0          0          0          0          0   (incl. Padding)

    ----------------------------------------------------------------------

      Code (inc. data)   RO Data    RW Data    ZI Data      Debug   Library Name

       464         16          0          0          0        580   mc_p.l
       336         14          0          0          0        356   mf_p.l

    ----------------------------------------------------------------------
       804         30          0          0          0        936   Library Totals

    ----------------------------------------------------------------------

==============================================================================


      Code (inc. data)   RO Data    RW Data    ZI Data      Debug   

     18952       1684        280        356       1580     443712   Grand Totals
     18952       1684        280        120       1580     443712   ELF Image Totals (compressed)
     18952       1684        280        120          0          0   ROM Totals

==============================================================================

    Total RO  Size (Code + RO Data)                19232 (  18.78kB)
    Total RW  Size (RW Data + ZI Data)              1936 (   1.89kB)
    Total ROM Size (Code + RO Data + RW Data)      19352 (  18.90kB)

==============================================================================

